Archive member included to satisfy reference by file (symbol)

c:/st/stm32cubeide_1.12.1/stm32cubeide/plugins/com.st.stm32cube.ide.mcu.externaltools.gnu-tools-for-stm32.10.3-2021.10.win32_1.0.200.202301161003/tools/bin/../lib/gcc/arm-none-eabi/10.3.1/../../../../arm-none-eabi/lib/thumb/v7-m/nofp\libc_nano.a(lib_a-errno.o)
                              ./Src/syscalls.o (__errno)
c:/st/stm32cubeide_1.12.1/stm32cubeide/plugins/com.st.stm32cube.ide.mcu.externaltools.gnu-tools-for-stm32.10.3-2021.10.win32_1.0.200.202301161003/tools/bin/../lib/gcc/arm-none-eabi/10.3.1/../../../../arm-none-eabi/lib/thumb/v7-m/nofp\libc_nano.a(lib_a-exit.o)
                              c:/st/stm32cubeide_1.12.1/stm32cubeide/plugins/com.st.stm32cube.ide.mcu.externaltools.gnu-tools-for-stm32.10.3-2021.10.win32_1.0.200.202301161003/tools/bin/../lib/gcc/arm-none-eabi/10.3.1/../../../../arm-none-eabi/lib/thumb/v7-m/nofp/crt0.o (exit)
c:/st/stm32cubeide_1.12.1/stm32cubeide/plugins/com.st.stm32cube.ide.mcu.externaltools.gnu-tools-for-stm32.10.3-2021.10.win32_1.0.200.202301161003/tools/bin/../lib/gcc/arm-none-eabi/10.3.1/../../../../arm-none-eabi/lib/thumb/v7-m/nofp\libc_nano.a(lib_a-impure.o)
                              c:/st/stm32cubeide_1.12.1/stm32cubeide/plugins/com.st.stm32cube.ide.mcu.externaltools.gnu-tools-for-stm32.10.3-2021.10.win32_1.0.200.202301161003/tools/bin/../lib/gcc/arm-none-eabi/10.3.1/../../../../arm-none-eabi/lib/thumb/v7-m/nofp\libc_nano.a(lib_a-exit.o) (_global_impure_ptr)
c:/st/stm32cubeide_1.12.1/stm32cubeide/plugins/com.st.stm32cube.ide.mcu.externaltools.gnu-tools-for-stm32.10.3-2021.10.win32_1.0.200.202301161003/tools/bin/../lib/gcc/arm-none-eabi/10.3.1/../../../../arm-none-eabi/lib/thumb/v7-m/nofp\libc_nano.a(lib_a-init.o)
                              c:/st/stm32cubeide_1.12.1/stm32cubeide/plugins/com.st.stm32cube.ide.mcu.externaltools.gnu-tools-for-stm32.10.3-2021.10.win32_1.0.200.202301161003/tools/bin/../lib/gcc/arm-none-eabi/10.3.1/../../../../arm-none-eabi/lib/thumb/v7-m/nofp/crt0.o (__libc_init_array)
c:/st/stm32cubeide_1.12.1/stm32cubeide/plugins/com.st.stm32cube.ide.mcu.externaltools.gnu-tools-for-stm32.10.3-2021.10.win32_1.0.200.202301161003/tools/bin/../lib/gcc/arm-none-eabi/10.3.1/../../../../arm-none-eabi/lib/thumb/v7-m/nofp\libc_nano.a(lib_a-memset.o)
                              c:/st/stm32cubeide_1.12.1/stm32cubeide/plugins/com.st.stm32cube.ide.mcu.externaltools.gnu-tools-for-stm32.10.3-2021.10.win32_1.0.200.202301161003/tools/bin/../lib/gcc/arm-none-eabi/10.3.1/../../../../arm-none-eabi/lib/thumb/v7-m/nofp/crt0.o (memset)

Discarded input sections

 .text          0x0000000000000000        0x0 c:/st/stm32cubeide_1.12.1/stm32cubeide/plugins/com.st.stm32cube.ide.mcu.externaltools.gnu-tools-for-stm32.10.3-2021.10.win32_1.0.200.202301161003/tools/bin/../lib/gcc/arm-none-eabi/10.3.1/thumb/v7-m/nofp/crti.o
 .data          0x0000000000000000        0x0 c:/st/stm32cubeide_1.12.1/stm32cubeide/plugins/com.st.stm32cube.ide.mcu.externaltools.gnu-tools-for-stm32.10.3-2021.10.win32_1.0.200.202301161003/tools/bin/../lib/gcc/arm-none-eabi/10.3.1/thumb/v7-m/nofp/crti.o
 .bss           0x0000000000000000        0x0 c:/st/stm32cubeide_1.12.1/stm32cubeide/plugins/com.st.stm32cube.ide.mcu.externaltools.gnu-tools-for-stm32.10.3-2021.10.win32_1.0.200.202301161003/tools/bin/../lib/gcc/arm-none-eabi/10.3.1/thumb/v7-m/nofp/crti.o
 .data          0x0000000000000000        0x4 c:/st/stm32cubeide_1.12.1/stm32cubeide/plugins/com.st.stm32cube.ide.mcu.externaltools.gnu-tools-for-stm32.10.3-2021.10.win32_1.0.200.202301161003/tools/bin/../lib/gcc/arm-none-eabi/10.3.1/thumb/v7-m/nofp/crtbegin.o
 .rodata        0x0000000000000000       0x24 c:/st/stm32cubeide_1.12.1/stm32cubeide/plugins/com.st.stm32cube.ide.mcu.externaltools.gnu-tools-for-stm32.10.3-2021.10.win32_1.0.200.202301161003/tools/bin/../lib/gcc/arm-none-eabi/10.3.1/thumb/v7-m/nofp/crtbegin.o
 .text          0x0000000000000000       0x7c c:/st/stm32cubeide_1.12.1/stm32cubeide/plugins/com.st.stm32cube.ide.mcu.externaltools.gnu-tools-for-stm32.10.3-2021.10.win32_1.0.200.202301161003/tools/bin/../lib/gcc/arm-none-eabi/10.3.1/../../../../arm-none-eabi/lib/thumb/v7-m/nofp/crt0.o
 .data          0x0000000000000000        0x0 c:/st/stm32cubeide_1.12.1/stm32cubeide/plugins/com.st.stm32cube.ide.mcu.externaltools.gnu-tools-for-stm32.10.3-2021.10.win32_1.0.200.202301161003/tools/bin/../lib/gcc/arm-none-eabi/10.3.1/../../../../arm-none-eabi/lib/thumb/v7-m/nofp/crt0.o
 .bss           0x0000000000000000        0x0 c:/st/stm32cubeide_1.12.1/stm32cubeide/plugins/com.st.stm32cube.ide.mcu.externaltools.gnu-tools-for-stm32.10.3-2021.10.win32_1.0.200.202301161003/tools/bin/../lib/gcc/arm-none-eabi/10.3.1/../../../../arm-none-eabi/lib/thumb/v7-m/nofp/crt0.o
 .ARM.extab     0x0000000000000000        0x0 c:/st/stm32cubeide_1.12.1/stm32cubeide/plugins/com.st.stm32cube.ide.mcu.externaltools.gnu-tools-for-stm32.10.3-2021.10.win32_1.0.200.202301161003/tools/bin/../lib/gcc/arm-none-eabi/10.3.1/../../../../arm-none-eabi/lib/thumb/v7-m/nofp/crt0.o
 .ARM.exidx     0x0000000000000000       0x10 c:/st/stm32cubeide_1.12.1/stm32cubeide/plugins/com.st.stm32cube.ide.mcu.externaltools.gnu-tools-for-stm32.10.3-2021.10.win32_1.0.200.202301161003/tools/bin/../lib/gcc/arm-none-eabi/10.3.1/../../../../arm-none-eabi/lib/thumb/v7-m/nofp/crt0.o
 .ARM.attributes
                0x0000000000000000       0x1b c:/st/stm32cubeide_1.12.1/stm32cubeide/plugins/com.st.stm32cube.ide.mcu.externaltools.gnu-tools-for-stm32.10.3-2021.10.win32_1.0.200.202301161003/tools/bin/../lib/gcc/arm-none-eabi/10.3.1/../../../../arm-none-eabi/lib/thumb/v7-m/nofp/crt0.o
 .group         0x0000000000000000        0xc ./HAL/Keypad Driver/STM32F103C6_KEYPAD.o
 .group         0x0000000000000000        0xc ./HAL/Keypad Driver/STM32F103C6_KEYPAD.o
 .group         0x0000000000000000        0xc ./HAL/Keypad Driver/STM32F103C6_KEYPAD.o
 .group         0x0000000000000000        0xc ./HAL/Keypad Driver/STM32F103C6_KEYPAD.o
 .group         0x0000000000000000        0xc ./HAL/Keypad Driver/STM32F103C6_KEYPAD.o
 .group         0x0000000000000000        0xc ./HAL/Keypad Driver/STM32F103C6_KEYPAD.o
 .group         0x0000000000000000        0xc ./HAL/Keypad Driver/STM32F103C6_KEYPAD.o
 .group         0x0000000000000000        0xc ./HAL/Keypad Driver/STM32F103C6_KEYPAD.o
 .group         0x0000000000000000        0xc ./HAL/Keypad Driver/STM32F103C6_KEYPAD.o
 .group         0x0000000000000000        0xc ./HAL/Keypad Driver/STM32F103C6_KEYPAD.o
 .group         0x0000000000000000        0xc ./HAL/Keypad Driver/STM32F103C6_KEYPAD.o
 .group         0x0000000000000000        0xc ./HAL/Keypad Driver/STM32F103C6_KEYPAD.o
 .group         0x0000000000000000        0xc ./HAL/Keypad Driver/STM32F103C6_KEYPAD.o
 .group         0x0000000000000000        0xc ./HAL/Keypad Driver/STM32F103C6_KEYPAD.o
 .group         0x0000000000000000        0xc ./HAL/Keypad Driver/STM32F103C6_KEYPAD.o
 .group         0x0000000000000000        0xc ./HAL/Keypad Driver/STM32F103C6_KEYPAD.o
 .group         0x0000000000000000        0xc ./HAL/Keypad Driver/STM32F103C6_KEYPAD.o
 .group         0x0000000000000000        0xc ./HAL/Keypad Driver/STM32F103C6_KEYPAD.o
 .group         0x0000000000000000        0xc ./HAL/Keypad Driver/STM32F103C6_KEYPAD.o
 .group         0x0000000000000000        0xc ./HAL/Keypad Driver/STM32F103C6_KEYPAD.o
 .group         0x0000000000000000        0xc ./HAL/Keypad Driver/STM32F103C6_KEYPAD.o
 .group         0x0000000000000000        0xc ./HAL/Keypad Driver/STM32F103C6_KEYPAD.o
 .group         0x0000000000000000        0xc ./HAL/Keypad Driver/STM32F103C6_KEYPAD.o
 .group         0x0000000000000000        0xc ./HAL/Keypad Driver/STM32F103C6_KEYPAD.o
 .group         0x0000000000000000        0xc ./HAL/Keypad Driver/STM32F103C6_KEYPAD.o
 .group         0x0000000000000000        0xc ./HAL/Keypad Driver/STM32F103C6_KEYPAD.o
 .group         0x0000000000000000        0xc ./HAL/Keypad Driver/STM32F103C6_KEYPAD.o
 .group         0x0000000000000000        0xc ./HAL/Keypad Driver/STM32F103C6_KEYPAD.o
 .text          0x0000000000000000        0x0 ./HAL/Keypad Driver/STM32F103C6_KEYPAD.o
 .data          0x0000000000000000        0x0 ./HAL/Keypad Driver/STM32F103C6_KEYPAD.o
 .bss           0x0000000000000000        0x0 ./HAL/Keypad Driver/STM32F103C6_KEYPAD.o
 .text.___delay___ms
                0x0000000000000000       0x3a ./HAL/Keypad Driver/STM32F103C6_KEYPAD.o
 .data.KeypadRow
                0x0000000000000000       0x10 ./HAL/Keypad Driver/STM32F103C6_KEYPAD.o
 .data.KeypadCol
                0x0000000000000000       0x10 ./HAL/Keypad Driver/STM32F103C6_KEYPAD.o
 .text.Keypad_init
                0x0000000000000000       0x98 ./HAL/Keypad Driver/STM32F103C6_KEYPAD.o
 .text.Keypad_getkey
                0x0000000000000000      0x198 ./HAL/Keypad Driver/STM32F103C6_KEYPAD.o
 .debug_info    0x0000000000000000      0xae7 ./HAL/Keypad Driver/STM32F103C6_KEYPAD.o
 .debug_abbrev  0x0000000000000000      0x1eb ./HAL/Keypad Driver/STM32F103C6_KEYPAD.o
 .debug_loc     0x0000000000000000       0xfc ./HAL/Keypad Driver/STM32F103C6_KEYPAD.o
 .debug_aranges
                0x0000000000000000       0x30 ./HAL/Keypad Driver/STM32F103C6_KEYPAD.o
 .debug_ranges  0x0000000000000000       0x20 ./HAL/Keypad Driver/STM32F103C6_KEYPAD.o
 .debug_macro   0x0000000000000000      0x161 ./HAL/Keypad Driver/STM32F103C6_KEYPAD.o
 .debug_macro   0x0000000000000000      0xa72 ./HAL/Keypad Driver/STM32F103C6_KEYPAD.o
 .debug_macro   0x0000000000000000       0x22 ./HAL/Keypad Driver/STM32F103C6_KEYPAD.o
 .debug_macro   0x0000000000000000       0x8e ./HAL/Keypad Driver/STM32F103C6_KEYPAD.o
 .debug_macro   0x0000000000000000       0x51 ./HAL/Keypad Driver/STM32F103C6_KEYPAD.o
 .debug_macro   0x0000000000000000      0x103 ./HAL/Keypad Driver/STM32F103C6_KEYPAD.o
 .debug_macro   0x0000000000000000       0x6a ./HAL/Keypad Driver/STM32F103C6_KEYPAD.o
 .debug_macro   0x0000000000000000      0x1df ./HAL/Keypad Driver/STM32F103C6_KEYPAD.o
 .debug_macro   0x0000000000000000       0x18 ./HAL/Keypad Driver/STM32F103C6_KEYPAD.o
 .debug_macro   0x0000000000000000       0x52 ./HAL/Keypad Driver/STM32F103C6_KEYPAD.o
 .debug_macro   0x0000000000000000       0x3c ./HAL/Keypad Driver/STM32F103C6_KEYPAD.o
 .debug_macro   0x0000000000000000       0x34 ./HAL/Keypad Driver/STM32F103C6_KEYPAD.o
 .debug_macro   0x0000000000000000       0x16 ./HAL/Keypad Driver/STM32F103C6_KEYPAD.o
 .debug_macro   0x0000000000000000      0x10e ./HAL/Keypad Driver/STM32F103C6_KEYPAD.o
 .debug_macro   0x0000000000000000       0x8d ./HAL/Keypad Driver/STM32F103C6_KEYPAD.o
 .debug_macro   0x0000000000000000       0x16 ./HAL/Keypad Driver/STM32F103C6_KEYPAD.o
 .debug_macro   0x0000000000000000       0x43 ./HAL/Keypad Driver/STM32F103C6_KEYPAD.o
 .debug_macro   0x0000000000000000       0x34 ./HAL/Keypad Driver/STM32F103C6_KEYPAD.o
 .debug_macro   0x0000000000000000       0x10 ./HAL/Keypad Driver/STM32F103C6_KEYPAD.o
 .debug_macro   0x0000000000000000       0x58 ./HAL/Keypad Driver/STM32F103C6_KEYPAD.o
 .debug_macro   0x0000000000000000       0x71 ./HAL/Keypad Driver/STM32F103C6_KEYPAD.o
 .debug_macro   0x0000000000000000       0x1c ./HAL/Keypad Driver/STM32F103C6_KEYPAD.o
 .debug_macro   0x0000000000000000      0x12a ./HAL/Keypad Driver/STM32F103C6_KEYPAD.o
 .debug_macro   0x0000000000000000      0x341 ./HAL/Keypad Driver/STM32F103C6_KEYPAD.o
 .debug_macro   0x0000000000000000       0x16 ./HAL/Keypad Driver/STM32F103C6_KEYPAD.o
 .debug_macro   0x0000000000000000       0x29 ./HAL/Keypad Driver/STM32F103C6_KEYPAD.o
 .debug_macro   0x0000000000000000      0x1ee ./HAL/Keypad Driver/STM32F103C6_KEYPAD.o
 .debug_macro   0x0000000000000000      0x112 ./HAL/Keypad Driver/STM32F103C6_KEYPAD.o
 .debug_macro   0x0000000000000000       0x3a ./HAL/Keypad Driver/STM32F103C6_KEYPAD.o
 .debug_line    0x0000000000000000      0x727 ./HAL/Keypad Driver/STM32F103C6_KEYPAD.o
 .debug_str     0x0000000000000000     0x7db3 ./HAL/Keypad Driver/STM32F103C6_KEYPAD.o
 .comment       0x0000000000000000       0x51 ./HAL/Keypad Driver/STM32F103C6_KEYPAD.o
 .debug_frame   0x0000000000000000       0x80 ./HAL/Keypad Driver/STM32F103C6_KEYPAD.o
 .ARM.attributes
                0x0000000000000000       0x2d ./HAL/Keypad Driver/STM32F103C6_KEYPAD.o
 .group         0x0000000000000000        0xc ./HAL/LCD Driver/STM32F103C6_LCD.o
 .group         0x0000000000000000        0xc ./HAL/LCD Driver/STM32F103C6_LCD.o
 .group         0x0000000000000000        0xc ./HAL/LCD Driver/STM32F103C6_LCD.o
 .group         0x0000000000000000        0xc ./HAL/LCD Driver/STM32F103C6_LCD.o
 .group         0x0000000000000000        0xc ./HAL/LCD Driver/STM32F103C6_LCD.o
 .group         0x0000000000000000        0xc ./HAL/LCD Driver/STM32F103C6_LCD.o
 .group         0x0000000000000000        0xc ./HAL/LCD Driver/STM32F103C6_LCD.o
 .group         0x0000000000000000        0xc ./HAL/LCD Driver/STM32F103C6_LCD.o
 .group         0x0000000000000000        0xc ./HAL/LCD Driver/STM32F103C6_LCD.o
 .group         0x0000000000000000        0xc ./HAL/LCD Driver/STM32F103C6_LCD.o
 .group         0x0000000000000000        0xc ./HAL/LCD Driver/STM32F103C6_LCD.o
 .group         0x0000000000000000        0xc ./HAL/LCD Driver/STM32F103C6_LCD.o
 .group         0x0000000000000000        0xc ./HAL/LCD Driver/STM32F103C6_LCD.o
 .group         0x0000000000000000        0xc ./HAL/LCD Driver/STM32F103C6_LCD.o
 .group         0x0000000000000000        0xc ./HAL/LCD Driver/STM32F103C6_LCD.o
 .group         0x0000000000000000        0xc ./HAL/LCD Driver/STM32F103C6_LCD.o
 .group         0x0000000000000000        0xc ./HAL/LCD Driver/STM32F103C6_LCD.o
 .group         0x0000000000000000        0xc ./HAL/LCD Driver/STM32F103C6_LCD.o
 .group         0x0000000000000000        0xc ./HAL/LCD Driver/STM32F103C6_LCD.o
 .group         0x0000000000000000        0xc ./HAL/LCD Driver/STM32F103C6_LCD.o
 .group         0x0000000000000000        0xc ./HAL/LCD Driver/STM32F103C6_LCD.o
 .group         0x0000000000000000        0xc ./HAL/LCD Driver/STM32F103C6_LCD.o
 .group         0x0000000000000000        0xc ./HAL/LCD Driver/STM32F103C6_LCD.o
 .group         0x0000000000000000        0xc ./HAL/LCD Driver/STM32F103C6_LCD.o
 .group         0x0000000000000000        0xc ./HAL/LCD Driver/STM32F103C6_LCD.o
 .group         0x0000000000000000        0xc ./HAL/LCD Driver/STM32F103C6_LCD.o
 .group         0x0000000000000000        0xc ./HAL/LCD Driver/STM32F103C6_LCD.o
 .group         0x0000000000000000        0xc ./HAL/LCD Driver/STM32F103C6_LCD.o
 .text          0x0000000000000000        0x0 ./HAL/LCD Driver/STM32F103C6_LCD.o
 .data          0x0000000000000000        0x0 ./HAL/LCD Driver/STM32F103C6_LCD.o
 .bss           0x0000000000000000        0x0 ./HAL/LCD Driver/STM32F103C6_LCD.o
 .text.LCD_isBusy
                0x0000000000000000       0xb4 ./HAL/LCD Driver/STM32F103C6_LCD.o
 .debug_macro   0x0000000000000000      0xa72 ./HAL/LCD Driver/STM32F103C6_LCD.o
 .debug_macro   0x0000000000000000       0x22 ./HAL/LCD Driver/STM32F103C6_LCD.o
 .debug_macro   0x0000000000000000       0x8e ./HAL/LCD Driver/STM32F103C6_LCD.o
 .debug_macro   0x0000000000000000       0x51 ./HAL/LCD Driver/STM32F103C6_LCD.o
 .debug_macro   0x0000000000000000      0x103 ./HAL/LCD Driver/STM32F103C6_LCD.o
 .debug_macro   0x0000000000000000       0x6a ./HAL/LCD Driver/STM32F103C6_LCD.o
 .debug_macro   0x0000000000000000      0x1df ./HAL/LCD Driver/STM32F103C6_LCD.o
 .debug_macro   0x0000000000000000       0x18 ./HAL/LCD Driver/STM32F103C6_LCD.o
 .debug_macro   0x0000000000000000       0x52 ./HAL/LCD Driver/STM32F103C6_LCD.o
 .debug_macro   0x0000000000000000       0x3c ./HAL/LCD Driver/STM32F103C6_LCD.o
 .debug_macro   0x0000000000000000       0x34 ./HAL/LCD Driver/STM32F103C6_LCD.o
 .debug_macro   0x0000000000000000       0x16 ./HAL/LCD Driver/STM32F103C6_LCD.o
 .debug_macro   0x0000000000000000      0x10e ./HAL/LCD Driver/STM32F103C6_LCD.o
 .debug_macro   0x0000000000000000       0x8d ./HAL/LCD Driver/STM32F103C6_LCD.o
 .debug_macro   0x0000000000000000       0x16 ./HAL/LCD Driver/STM32F103C6_LCD.o
 .debug_macro   0x0000000000000000       0x43 ./HAL/LCD Driver/STM32F103C6_LCD.o
 .debug_macro   0x0000000000000000       0x34 ./HAL/LCD Driver/STM32F103C6_LCD.o
 .debug_macro   0x0000000000000000       0x10 ./HAL/LCD Driver/STM32F103C6_LCD.o
 .debug_macro   0x0000000000000000       0x58 ./HAL/LCD Driver/STM32F103C6_LCD.o
 .debug_macro   0x0000000000000000       0x71 ./HAL/LCD Driver/STM32F103C6_LCD.o
 .debug_macro   0x0000000000000000       0x1c ./HAL/LCD Driver/STM32F103C6_LCD.o
 .debug_macro   0x0000000000000000      0x12a ./HAL/LCD Driver/STM32F103C6_LCD.o
 .debug_macro   0x0000000000000000      0x341 ./HAL/LCD Driver/STM32F103C6_LCD.o
 .debug_macro   0x0000000000000000       0x16 ./HAL/LCD Driver/STM32F103C6_LCD.o
 .debug_macro   0x0000000000000000       0x29 ./HAL/LCD Driver/STM32F103C6_LCD.o
 .debug_macro   0x0000000000000000      0x1ee ./HAL/LCD Driver/STM32F103C6_LCD.o
 .debug_macro   0x0000000000000000      0x112 ./HAL/LCD Driver/STM32F103C6_LCD.o
 .group         0x0000000000000000        0xc ./MCAL/External Interrupts Driver/STM32F103C6_EXTERNALINTERRUPTS.o
 .group         0x0000000000000000        0xc ./MCAL/External Interrupts Driver/STM32F103C6_EXTERNALINTERRUPTS.o
 .group         0x0000000000000000        0xc ./MCAL/External Interrupts Driver/STM32F103C6_EXTERNALINTERRUPTS.o
 .group         0x0000000000000000        0xc ./MCAL/External Interrupts Driver/STM32F103C6_EXTERNALINTERRUPTS.o
 .group         0x0000000000000000        0xc ./MCAL/External Interrupts Driver/STM32F103C6_EXTERNALINTERRUPTS.o
 .group         0x0000000000000000        0xc ./MCAL/External Interrupts Driver/STM32F103C6_EXTERNALINTERRUPTS.o
 .group         0x0000000000000000        0xc ./MCAL/External Interrupts Driver/STM32F103C6_EXTERNALINTERRUPTS.o
 .group         0x0000000000000000        0xc ./MCAL/External Interrupts Driver/STM32F103C6_EXTERNALINTERRUPTS.o
 .group         0x0000000000000000        0xc ./MCAL/External Interrupts Driver/STM32F103C6_EXTERNALINTERRUPTS.o
 .group         0x0000000000000000        0xc ./MCAL/External Interrupts Driver/STM32F103C6_EXTERNALINTERRUPTS.o
 .group         0x0000000000000000        0xc ./MCAL/External Interrupts Driver/STM32F103C6_EXTERNALINTERRUPTS.o
 .group         0x0000000000000000        0xc ./MCAL/External Interrupts Driver/STM32F103C6_EXTERNALINTERRUPTS.o
 .group         0x0000000000000000        0xc ./MCAL/External Interrupts Driver/STM32F103C6_EXTERNALINTERRUPTS.o
 .group         0x0000000000000000        0xc ./MCAL/External Interrupts Driver/STM32F103C6_EXTERNALINTERRUPTS.o
 .group         0x0000000000000000        0xc ./MCAL/External Interrupts Driver/STM32F103C6_EXTERNALINTERRUPTS.o
 .group         0x0000000000000000        0xc ./MCAL/External Interrupts Driver/STM32F103C6_EXTERNALINTERRUPTS.o
 .group         0x0000000000000000        0xc ./MCAL/External Interrupts Driver/STM32F103C6_EXTERNALINTERRUPTS.o
 .group         0x0000000000000000        0xc ./MCAL/External Interrupts Driver/STM32F103C6_EXTERNALINTERRUPTS.o
 .group         0x0000000000000000        0xc ./MCAL/External Interrupts Driver/STM32F103C6_EXTERNALINTERRUPTS.o
 .group         0x0000000000000000        0xc ./MCAL/External Interrupts Driver/STM32F103C6_EXTERNALINTERRUPTS.o
 .group         0x0000000000000000        0xc ./MCAL/External Interrupts Driver/STM32F103C6_EXTERNALINTERRUPTS.o
 .group         0x0000000000000000        0xc ./MCAL/External Interrupts Driver/STM32F103C6_EXTERNALINTERRUPTS.o
 .group         0x0000000000000000        0xc ./MCAL/External Interrupts Driver/STM32F103C6_EXTERNALINTERRUPTS.o
 .group         0x0000000000000000        0xc ./MCAL/External Interrupts Driver/STM32F103C6_EXTERNALINTERRUPTS.o
 .group         0x0000000000000000        0xc ./MCAL/External Interrupts Driver/STM32F103C6_EXTERNALINTERRUPTS.o
 .group         0x0000000000000000        0xc ./MCAL/External Interrupts Driver/STM32F103C6_EXTERNALINTERRUPTS.o
 .group         0x0000000000000000        0xc ./MCAL/External Interrupts Driver/STM32F103C6_EXTERNALINTERRUPTS.o
 .group         0x0000000000000000        0xc ./MCAL/External Interrupts Driver/STM32F103C6_EXTERNALINTERRUPTS.o
 .text          0x0000000000000000        0x0 ./MCAL/External Interrupts Driver/STM32F103C6_EXTERNALINTERRUPTS.o
 .data          0x0000000000000000        0x0 ./MCAL/External Interrupts Driver/STM32F103C6_EXTERNALINTERRUPTS.o
 .bss           0x0000000000000000        0x0 ./MCAL/External Interrupts Driver/STM32F103C6_EXTERNALINTERRUPTS.o
 .text.MCAL_EXTI_DeInit
                0x0000000000000000       0x90 ./MCAL/External Interrupts Driver/STM32F103C6_EXTERNALINTERRUPTS.o
 .text.MCAL_EXTI_Update
                0x0000000000000000       0x16 ./MCAL/External Interrupts Driver/STM32F103C6_EXTERNALINTERRUPTS.o
 .debug_macro   0x0000000000000000      0xa72 ./MCAL/External Interrupts Driver/STM32F103C6_EXTERNALINTERRUPTS.o
 .debug_macro   0x0000000000000000       0x22 ./MCAL/External Interrupts Driver/STM32F103C6_EXTERNALINTERRUPTS.o
 .debug_macro   0x0000000000000000       0x8e ./MCAL/External Interrupts Driver/STM32F103C6_EXTERNALINTERRUPTS.o
 .debug_macro   0x0000000000000000       0x51 ./MCAL/External Interrupts Driver/STM32F103C6_EXTERNALINTERRUPTS.o
 .debug_macro   0x0000000000000000      0x103 ./MCAL/External Interrupts Driver/STM32F103C6_EXTERNALINTERRUPTS.o
 .debug_macro   0x0000000000000000       0x6a ./MCAL/External Interrupts Driver/STM32F103C6_EXTERNALINTERRUPTS.o
 .debug_macro   0x0000000000000000      0x1df ./MCAL/External Interrupts Driver/STM32F103C6_EXTERNALINTERRUPTS.o
 .debug_macro   0x0000000000000000       0x18 ./MCAL/External Interrupts Driver/STM32F103C6_EXTERNALINTERRUPTS.o
 .debug_macro   0x0000000000000000       0x52 ./MCAL/External Interrupts Driver/STM32F103C6_EXTERNALINTERRUPTS.o
 .debug_macro   0x0000000000000000       0x3c ./MCAL/External Interrupts Driver/STM32F103C6_EXTERNALINTERRUPTS.o
 .debug_macro   0x0000000000000000       0x34 ./MCAL/External Interrupts Driver/STM32F103C6_EXTERNALINTERRUPTS.o
 .debug_macro   0x0000000000000000       0x16 ./MCAL/External Interrupts Driver/STM32F103C6_EXTERNALINTERRUPTS.o
 .debug_macro   0x0000000000000000      0x10e ./MCAL/External Interrupts Driver/STM32F103C6_EXTERNALINTERRUPTS.o
 .debug_macro   0x0000000000000000       0x8d ./MCAL/External Interrupts Driver/STM32F103C6_EXTERNALINTERRUPTS.o
 .debug_macro   0x0000000000000000       0x16 ./MCAL/External Interrupts Driver/STM32F103C6_EXTERNALINTERRUPTS.o
 .debug_macro   0x0000000000000000       0x43 ./MCAL/External Interrupts Driver/STM32F103C6_EXTERNALINTERRUPTS.o
 .debug_macro   0x0000000000000000       0x34 ./MCAL/External Interrupts Driver/STM32F103C6_EXTERNALINTERRUPTS.o
 .debug_macro   0x0000000000000000       0x10 ./MCAL/External Interrupts Driver/STM32F103C6_EXTERNALINTERRUPTS.o
 .debug_macro   0x0000000000000000       0x58 ./MCAL/External Interrupts Driver/STM32F103C6_EXTERNALINTERRUPTS.o
 .debug_macro   0x0000000000000000       0x71 ./MCAL/External Interrupts Driver/STM32F103C6_EXTERNALINTERRUPTS.o
 .debug_macro   0x0000000000000000       0x1c ./MCAL/External Interrupts Driver/STM32F103C6_EXTERNALINTERRUPTS.o
 .debug_macro   0x0000000000000000      0x12a ./MCAL/External Interrupts Driver/STM32F103C6_EXTERNALINTERRUPTS.o
 .debug_macro   0x0000000000000000      0x341 ./MCAL/External Interrupts Driver/STM32F103C6_EXTERNALINTERRUPTS.o
 .debug_macro   0x0000000000000000       0x16 ./MCAL/External Interrupts Driver/STM32F103C6_EXTERNALINTERRUPTS.o
 .debug_macro   0x0000000000000000       0x29 ./MCAL/External Interrupts Driver/STM32F103C6_EXTERNALINTERRUPTS.o
 .debug_macro   0x0000000000000000      0x1ee ./MCAL/External Interrupts Driver/STM32F103C6_EXTERNALINTERRUPTS.o
 .group         0x0000000000000000        0xc ./MCAL/GPIO Driver/STM32F103C6_GPIO.o
 .group         0x0000000000000000        0xc ./MCAL/GPIO Driver/STM32F103C6_GPIO.o
 .group         0x0000000000000000        0xc ./MCAL/GPIO Driver/STM32F103C6_GPIO.o
 .group         0x0000000000000000        0xc ./MCAL/GPIO Driver/STM32F103C6_GPIO.o
 .group         0x0000000000000000        0xc ./MCAL/GPIO Driver/STM32F103C6_GPIO.o
 .group         0x0000000000000000        0xc ./MCAL/GPIO Driver/STM32F103C6_GPIO.o
 .group         0x0000000000000000        0xc ./MCAL/GPIO Driver/STM32F103C6_GPIO.o
 .group         0x0000000000000000        0xc ./MCAL/GPIO Driver/STM32F103C6_GPIO.o
 .group         0x0000000000000000        0xc ./MCAL/GPIO Driver/STM32F103C6_GPIO.o
 .group         0x0000000000000000        0xc ./MCAL/GPIO Driver/STM32F103C6_GPIO.o
 .group         0x0000000000000000        0xc ./MCAL/GPIO Driver/STM32F103C6_GPIO.o
 .group         0x0000000000000000        0xc ./MCAL/GPIO Driver/STM32F103C6_GPIO.o
 .group         0x0000000000000000        0xc ./MCAL/GPIO Driver/STM32F103C6_GPIO.o
 .group         0x0000000000000000        0xc ./MCAL/GPIO Driver/STM32F103C6_GPIO.o
 .group         0x0000000000000000        0xc ./MCAL/GPIO Driver/STM32F103C6_GPIO.o
 .group         0x0000000000000000        0xc ./MCAL/GPIO Driver/STM32F103C6_GPIO.o
 .group         0x0000000000000000        0xc ./MCAL/GPIO Driver/STM32F103C6_GPIO.o
 .group         0x0000000000000000        0xc ./MCAL/GPIO Driver/STM32F103C6_GPIO.o
 .group         0x0000000000000000        0xc ./MCAL/GPIO Driver/STM32F103C6_GPIO.o
 .group         0x0000000000000000        0xc ./MCAL/GPIO Driver/STM32F103C6_GPIO.o
 .group         0x0000000000000000        0xc ./MCAL/GPIO Driver/STM32F103C6_GPIO.o
 .group         0x0000000000000000        0xc ./MCAL/GPIO Driver/STM32F103C6_GPIO.o
 .group         0x0000000000000000        0xc ./MCAL/GPIO Driver/STM32F103C6_GPIO.o
 .group         0x0000000000000000        0xc ./MCAL/GPIO Driver/STM32F103C6_GPIO.o
 .group         0x0000000000000000        0xc ./MCAL/GPIO Driver/STM32F103C6_GPIO.o
 .group         0x0000000000000000        0xc ./MCAL/GPIO Driver/STM32F103C6_GPIO.o
 .group         0x0000000000000000        0xc ./MCAL/GPIO Driver/STM32F103C6_GPIO.o
 .text          0x0000000000000000        0x0 ./MCAL/GPIO Driver/STM32F103C6_GPIO.o
 .data          0x0000000000000000        0x0 ./MCAL/GPIO Driver/STM32F103C6_GPIO.o
 .bss           0x0000000000000000        0x0 ./MCAL/GPIO Driver/STM32F103C6_GPIO.o
 .text.MCAL_GPIO_DeInit
                0x0000000000000000       0xcc ./MCAL/GPIO Driver/STM32F103C6_GPIO.o
 .text.MCAL_GPIO_ReadPin
                0x0000000000000000       0x2a ./MCAL/GPIO Driver/STM32F103C6_GPIO.o
 .text.MCAL_GPIO_ReadPort
                0x0000000000000000       0x1e ./MCAL/GPIO Driver/STM32F103C6_GPIO.o
 .text.MCAL_GPIO_TogglePin
                0x0000000000000000       0x22 ./MCAL/GPIO Driver/STM32F103C6_GPIO.o
 .text.MCAL_GPIO_TogglePORT
                0x0000000000000000       0x22 ./MCAL/GPIO Driver/STM32F103C6_GPIO.o
 .text.MCAL_GPIO_LockPin
                0x0000000000000000       0x4a ./MCAL/GPIO Driver/STM32F103C6_GPIO.o
 .debug_macro   0x0000000000000000      0xa72 ./MCAL/GPIO Driver/STM32F103C6_GPIO.o
 .debug_macro   0x0000000000000000       0x22 ./MCAL/GPIO Driver/STM32F103C6_GPIO.o
 .debug_macro   0x0000000000000000       0x8e ./MCAL/GPIO Driver/STM32F103C6_GPIO.o
 .debug_macro   0x0000000000000000       0x51 ./MCAL/GPIO Driver/STM32F103C6_GPIO.o
 .debug_macro   0x0000000000000000      0x103 ./MCAL/GPIO Driver/STM32F103C6_GPIO.o
 .debug_macro   0x0000000000000000       0x6a ./MCAL/GPIO Driver/STM32F103C6_GPIO.o
 .debug_macro   0x0000000000000000      0x1df ./MCAL/GPIO Driver/STM32F103C6_GPIO.o
 .debug_macro   0x0000000000000000       0x18 ./MCAL/GPIO Driver/STM32F103C6_GPIO.o
 .debug_macro   0x0000000000000000       0x52 ./MCAL/GPIO Driver/STM32F103C6_GPIO.o
 .debug_macro   0x0000000000000000       0x3c ./MCAL/GPIO Driver/STM32F103C6_GPIO.o
 .debug_macro   0x0000000000000000       0x34 ./MCAL/GPIO Driver/STM32F103C6_GPIO.o
 .debug_macro   0x0000000000000000       0x16 ./MCAL/GPIO Driver/STM32F103C6_GPIO.o
 .debug_macro   0x0000000000000000      0x10e ./MCAL/GPIO Driver/STM32F103C6_GPIO.o
 .debug_macro   0x0000000000000000       0x8d ./MCAL/GPIO Driver/STM32F103C6_GPIO.o
 .debug_macro   0x0000000000000000       0x16 ./MCAL/GPIO Driver/STM32F103C6_GPIO.o
 .debug_macro   0x0000000000000000       0x43 ./MCAL/GPIO Driver/STM32F103C6_GPIO.o
 .debug_macro   0x0000000000000000       0x34 ./MCAL/GPIO Driver/STM32F103C6_GPIO.o
 .debug_macro   0x0000000000000000       0x10 ./MCAL/GPIO Driver/STM32F103C6_GPIO.o
 .debug_macro   0x0000000000000000       0x58 ./MCAL/GPIO Driver/STM32F103C6_GPIO.o
 .debug_macro   0x0000000000000000       0x71 ./MCAL/GPIO Driver/STM32F103C6_GPIO.o
 .debug_macro   0x0000000000000000       0x1c ./MCAL/GPIO Driver/STM32F103C6_GPIO.o
 .debug_macro   0x0000000000000000      0x12a ./MCAL/GPIO Driver/STM32F103C6_GPIO.o
 .debug_macro   0x0000000000000000      0x341 ./MCAL/GPIO Driver/STM32F103C6_GPIO.o
 .debug_macro   0x0000000000000000       0x16 ./MCAL/GPIO Driver/STM32F103C6_GPIO.o
 .debug_macro   0x0000000000000000       0x29 ./MCAL/GPIO Driver/STM32F103C6_GPIO.o
 .debug_macro   0x0000000000000000      0x1ee ./MCAL/GPIO Driver/STM32F103C6_GPIO.o
 .debug_macro   0x0000000000000000      0x112 ./MCAL/GPIO Driver/STM32F103C6_GPIO.o
 .group         0x0000000000000000        0xc ./Src/main.o
 .group         0x0000000000000000        0xc ./Src/main.o
 .group         0x0000000000000000        0xc ./Src/main.o
 .group         0x0000000000000000        0xc ./Src/main.o
 .group         0x0000000000000000        0xc ./Src/main.o
 .group         0x0000000000000000        0xc ./Src/main.o
 .group         0x0000000000000000        0xc ./Src/main.o
 .group         0x0000000000000000        0xc ./Src/main.o
 .group         0x0000000000000000        0xc ./Src/main.o
 .group         0x0000000000000000        0xc ./Src/main.o
 .group         0x0000000000000000        0xc ./Src/main.o
 .group         0x0000000000000000        0xc ./Src/main.o
 .group         0x0000000000000000        0xc ./Src/main.o
 .group         0x0000000000000000        0xc ./Src/main.o
 .group         0x0000000000000000        0xc ./Src/main.o
 .group         0x0000000000000000        0xc ./Src/main.o
 .group         0x0000000000000000        0xc ./Src/main.o
 .group         0x0000000000000000        0xc ./Src/main.o
 .group         0x0000000000000000        0xc ./Src/main.o
 .group         0x0000000000000000        0xc ./Src/main.o
 .group         0x0000000000000000        0xc ./Src/main.o
 .group         0x0000000000000000        0xc ./Src/main.o
 .group         0x0000000000000000        0xc ./Src/main.o
 .group         0x0000000000000000        0xc ./Src/main.o
 .group         0x0000000000000000        0xc ./Src/main.o
 .group         0x0000000000000000        0xc ./Src/main.o
 .group         0x0000000000000000        0xc ./Src/main.o
 .group         0x0000000000000000        0xc ./Src/main.o
 .group         0x0000000000000000        0xc ./Src/main.o
 .group         0x0000000000000000        0xc ./Src/main.o
 .text          0x0000000000000000        0x0 ./Src/main.o
 .data          0x0000000000000000        0x0 ./Src/main.o
 .bss           0x0000000000000000        0x0 ./Src/main.o
 .debug_macro   0x0000000000000000      0xa72 ./Src/main.o
 .debug_macro   0x0000000000000000       0x22 ./Src/main.o
 .debug_macro   0x0000000000000000       0x8e ./Src/main.o
 .debug_macro   0x0000000000000000       0x51 ./Src/main.o
 .debug_macro   0x0000000000000000      0x103 ./Src/main.o
 .debug_macro   0x0000000000000000       0x6a ./Src/main.o
 .debug_macro   0x0000000000000000      0x1df ./Src/main.o
 .debug_macro   0x0000000000000000       0x18 ./Src/main.o
 .debug_macro   0x0000000000000000       0x52 ./Src/main.o
 .debug_macro   0x0000000000000000       0x3c ./Src/main.o
 .debug_macro   0x0000000000000000       0x34 ./Src/main.o
 .debug_macro   0x0000000000000000       0x16 ./Src/main.o
 .debug_macro   0x0000000000000000      0x10e ./Src/main.o
 .debug_macro   0x0000000000000000       0x8d ./Src/main.o
 .debug_macro   0x0000000000000000       0x16 ./Src/main.o
 .debug_macro   0x0000000000000000       0x43 ./Src/main.o
 .debug_macro   0x0000000000000000       0x34 ./Src/main.o
 .debug_macro   0x0000000000000000       0x10 ./Src/main.o
 .debug_macro   0x0000000000000000       0x58 ./Src/main.o
 .debug_macro   0x0000000000000000       0x71 ./Src/main.o
 .debug_macro   0x0000000000000000       0x1c ./Src/main.o
 .debug_macro   0x0000000000000000      0x12a ./Src/main.o
 .debug_macro   0x0000000000000000      0x341 ./Src/main.o
 .debug_macro   0x0000000000000000       0x16 ./Src/main.o
 .debug_macro   0x0000000000000000       0x29 ./Src/main.o
 .debug_macro   0x0000000000000000      0x1ee ./Src/main.o
 .debug_macro   0x0000000000000000      0x112 ./Src/main.o
 .group         0x0000000000000000        0xc ./Src/syscalls.o
 .group         0x0000000000000000        0xc ./Src/syscalls.o
 .group         0x0000000000000000        0xc ./Src/syscalls.o
 .group         0x0000000000000000        0xc ./Src/syscalls.o
 .group         0x0000000000000000        0xc ./Src/syscalls.o
 .group         0x0000000000000000        0xc ./Src/syscalls.o
 .group         0x0000000000000000        0xc ./Src/syscalls.o
 .group         0x0000000000000000        0xc ./Src/syscalls.o
 .group         0x0000000000000000        0xc ./Src/syscalls.o
 .group         0x0000000000000000        0xc ./Src/syscalls.o
 .group         0x0000000000000000        0xc ./Src/syscalls.o
 .group         0x0000000000000000        0xc ./Src/syscalls.o
 .group         0x0000000000000000        0xc ./Src/syscalls.o
 .group         0x0000000000000000        0xc ./Src/syscalls.o
 .group         0x0000000000000000        0xc ./Src/syscalls.o
 .group         0x0000000000000000        0xc ./Src/syscalls.o
 .group         0x0000000000000000        0xc ./Src/syscalls.o
 .group         0x0000000000000000        0xc ./Src/syscalls.o
 .group         0x0000000000000000        0xc ./Src/syscalls.o
 .group         0x0000000000000000        0xc ./Src/syscalls.o
 .group         0x0000000000000000        0xc ./Src/syscalls.o
 .group         0x0000000000000000        0xc ./Src/syscalls.o
 .group         0x0000000000000000        0xc ./Src/syscalls.o
 .group         0x0000000000000000        0xc ./Src/syscalls.o
 .group         0x0000000000000000        0xc ./Src/syscalls.o
 .group         0x0000000000000000        0xc ./Src/syscalls.o
 .group         0x0000000000000000        0xc ./Src/syscalls.o
 .group         0x0000000000000000        0xc ./Src/syscalls.o
 .group         0x0000000000000000        0xc ./Src/syscalls.o
 .group         0x0000000000000000        0xc ./Src/syscalls.o
 .group         0x0000000000000000        0xc ./Src/syscalls.o
 .group         0x0000000000000000        0xc ./Src/syscalls.o
 .group         0x0000000000000000        0xc ./Src/syscalls.o
 .group         0x0000000000000000        0xc ./Src/syscalls.o
 .group         0x0000000000000000        0xc ./Src/syscalls.o
 .group         0x0000000000000000        0xc ./Src/syscalls.o
 .group         0x0000000000000000        0xc ./Src/syscalls.o
 .group         0x0000000000000000        0xc ./Src/syscalls.o
 .group         0x0000000000000000        0xc ./Src/syscalls.o
 .group         0x0000000000000000        0xc ./Src/syscalls.o
 .group         0x0000000000000000        0xc ./Src/syscalls.o
 .group         0x0000000000000000        0xc ./Src/syscalls.o
 .group         0x0000000000000000        0xc ./Src/syscalls.o
 .group         0x0000000000000000        0xc ./Src/syscalls.o
 .group         0x0000000000000000        0xc ./Src/syscalls.o
 .group         0x0000000000000000        0xc ./Src/syscalls.o
 .group         0x0000000000000000        0xc ./Src/syscalls.o
 .text          0x0000000000000000        0x0 ./Src/syscalls.o
 .data          0x0000000000000000        0x0 ./Src/syscalls.o
 .bss           0x0000000000000000        0x0 ./Src/syscalls.o
 .bss.__env     0x0000000000000000        0x4 ./Src/syscalls.o
 .data.environ  0x0000000000000000        0x4 ./Src/syscalls.o
 .text.initialise_monitor_handles
                0x0000000000000000        0xc ./Src/syscalls.o
 .text._getpid  0x0000000000000000        0xe ./Src/syscalls.o
 .text._kill    0x0000000000000000       0x20 ./Src/syscalls.o
 .text._exit    0x0000000000000000       0x14 ./Src/syscalls.o
 .text._read    0x0000000000000000       0x3a ./Src/syscalls.o
 .text._write   0x0000000000000000       0x38 ./Src/syscalls.o
 .text._close   0x0000000000000000       0x16 ./Src/syscalls.o
 .text._fstat   0x0000000000000000       0x1e ./Src/syscalls.o
 .text._isatty  0x0000000000000000       0x14 ./Src/syscalls.o
 .text._lseek   0x0000000000000000       0x18 ./Src/syscalls.o
 .text._open    0x0000000000000000       0x1a ./Src/syscalls.o
 .text._wait    0x0000000000000000       0x1e ./Src/syscalls.o
 .text._unlink  0x0000000000000000       0x1e ./Src/syscalls.o
 .text._times   0x0000000000000000       0x16 ./Src/syscalls.o
 .text._stat    0x0000000000000000       0x1e ./Src/syscalls.o
 .text._link    0x0000000000000000       0x20 ./Src/syscalls.o
 .text._fork    0x0000000000000000       0x16 ./Src/syscalls.o
 .text._execve  0x0000000000000000       0x22 ./Src/syscalls.o
 .debug_info    0x0000000000000000      0x771 ./Src/syscalls.o
 .debug_abbrev  0x0000000000000000      0x1b5 ./Src/syscalls.o
 .debug_loc     0x0000000000000000      0x5b8 ./Src/syscalls.o
 .debug_aranges
                0x0000000000000000       0xa8 ./Src/syscalls.o
 .debug_ranges  0x0000000000000000       0x98 ./Src/syscalls.o
 .debug_macro   0x0000000000000000      0x24c ./Src/syscalls.o
 .debug_macro   0x0000000000000000      0xa72 ./Src/syscalls.o
 .debug_macro   0x0000000000000000       0x22 ./Src/syscalls.o
 .debug_macro   0x0000000000000000       0x4c ./Src/syscalls.o
 .debug_macro   0x0000000000000000       0x18 ./Src/syscalls.o
 .debug_macro   0x0000000000000000       0x94 ./Src/syscalls.o
 .debug_macro   0x0000000000000000       0x3c ./Src/syscalls.o
 .debug_macro   0x0000000000000000       0x34 ./Src/syscalls.o
 .debug_macro   0x0000000000000000       0x57 ./Src/syscalls.o
 .debug_macro   0x0000000000000000      0x174 ./Src/syscalls.o
 .debug_macro   0x0000000000000000      0x341 ./Src/syscalls.o
 .debug_macro   0x0000000000000000       0x16 ./Src/syscalls.o
 .debug_macro   0x0000000000000000       0x43 ./Src/syscalls.o
 .debug_macro   0x0000000000000000       0x34 ./Src/syscalls.o
 .debug_macro   0x0000000000000000       0x10 ./Src/syscalls.o
 .debug_macro   0x0000000000000000       0x58 ./Src/syscalls.o
 .debug_macro   0x0000000000000000       0x71 ./Src/syscalls.o
 .debug_macro   0x0000000000000000       0x1c ./Src/syscalls.o
 .debug_macro   0x0000000000000000      0x12a ./Src/syscalls.o
 .debug_macro   0x0000000000000000       0x10 ./Src/syscalls.o
 .debug_macro   0x0000000000000000       0x35 ./Src/syscalls.o
 .debug_macro   0x0000000000000000       0x10 ./Src/syscalls.o
 .debug_macro   0x0000000000000000       0x10 ./Src/syscalls.o
 .debug_macro   0x0000000000000000       0x10 ./Src/syscalls.o
 .debug_macro   0x0000000000000000       0x6a ./Src/syscalls.o
 .debug_macro   0x0000000000000000       0x1c ./Src/syscalls.o
 .debug_macro   0x0000000000000000       0x52 ./Src/syscalls.o
 .debug_macro   0x0000000000000000       0x22 ./Src/syscalls.o
 .debug_macro   0x0000000000000000       0x10 ./Src/syscalls.o
 .debug_macro   0x0000000000000000       0x52 ./Src/syscalls.o
 .debug_macro   0x0000000000000000       0xd5 ./Src/syscalls.o
 .debug_macro   0x0000000000000000       0x1c ./Src/syscalls.o
 .debug_macro   0x0000000000000000       0x3d ./Src/syscalls.o
 .debug_macro   0x0000000000000000       0x35 ./Src/syscalls.o
 .debug_macro   0x0000000000000000      0x12c ./Src/syscalls.o
 .debug_macro   0x0000000000000000       0x16 ./Src/syscalls.o
 .debug_macro   0x0000000000000000       0x16 ./Src/syscalls.o
 .debug_macro   0x0000000000000000       0x29 ./Src/syscalls.o
 .debug_macro   0x0000000000000000       0x10 ./Src/syscalls.o
 .debug_macro   0x0000000000000000      0x241 ./Src/syscalls.o
 .debug_macro   0x0000000000000000       0x1c ./Src/syscalls.o
 .debug_macro   0x0000000000000000       0x10 ./Src/syscalls.o
 .debug_macro   0x0000000000000000       0x10 ./Src/syscalls.o
 .debug_macro   0x0000000000000000       0x16 ./Src/syscalls.o
 .debug_macro   0x0000000000000000      0x145 ./Src/syscalls.o
 .debug_macro   0x0000000000000000      0x189 ./Src/syscalls.o
 .debug_macro   0x0000000000000000       0x16 ./Src/syscalls.o
 .debug_macro   0x0000000000000000       0xce ./Src/syscalls.o
 .debug_line    0x0000000000000000      0x7f9 ./Src/syscalls.o
 .debug_str     0x0000000000000000     0x8a4c ./Src/syscalls.o
 .comment       0x0000000000000000       0x51 ./Src/syscalls.o
 .debug_frame   0x0000000000000000      0x2ac ./Src/syscalls.o
 .ARM.attributes
                0x0000000000000000       0x2d ./Src/syscalls.o
 .group         0x0000000000000000        0xc ./Src/sysmem.o
 .group         0x0000000000000000        0xc ./Src/sysmem.o
 .group         0x0000000000000000        0xc ./Src/sysmem.o
 .group         0x0000000000000000        0xc ./Src/sysmem.o
 .group         0x0000000000000000        0xc ./Src/sysmem.o
 .group         0x0000000000000000        0xc ./Src/sysmem.o
 .group         0x0000000000000000        0xc ./Src/sysmem.o
 .group         0x0000000000000000        0xc ./Src/sysmem.o
 .group         0x0000000000000000        0xc ./Src/sysmem.o
 .group         0x0000000000000000        0xc ./Src/sysmem.o
 .group         0x0000000000000000        0xc ./Src/sysmem.o
 .group         0x0000000000000000        0xc ./Src/sysmem.o
 .group         0x0000000000000000        0xc ./Src/sysmem.o
 .group         0x0000000000000000        0xc ./Src/sysmem.o
 .group         0x0000000000000000        0xc ./Src/sysmem.o
 .group         0x0000000000000000        0xc ./Src/sysmem.o
 .group         0x0000000000000000        0xc ./Src/sysmem.o
 .group         0x0000000000000000        0xc ./Src/sysmem.o
 .group         0x0000000000000000        0xc ./Src/sysmem.o
 .group         0x0000000000000000        0xc ./Src/sysmem.o
 .group         0x0000000000000000        0xc ./Src/sysmem.o
 .group         0x0000000000000000        0xc ./Src/sysmem.o
 .text          0x0000000000000000        0x0 ./Src/sysmem.o
 .data          0x0000000000000000        0x0 ./Src/sysmem.o
 .bss           0x0000000000000000        0x0 ./Src/sysmem.o
 .bss.__sbrk_heap_end
                0x0000000000000000        0x4 ./Src/sysmem.o
 .text._sbrk    0x0000000000000000       0x6c ./Src/sysmem.o
 .debug_info    0x0000000000000000      0x183 ./Src/sysmem.o
 .debug_abbrev  0x0000000000000000       0xbd ./Src/sysmem.o
 .debug_loc     0x0000000000000000       0x50 ./Src/sysmem.o
 .debug_aranges
                0x0000000000000000       0x20 ./Src/sysmem.o
 .debug_ranges  0x0000000000000000       0x10 ./Src/sysmem.o
 .debug_macro   0x0000000000000000       0xff ./Src/sysmem.o
 .debug_macro   0x0000000000000000      0xa72 ./Src/sysmem.o
 .debug_macro   0x0000000000000000       0x10 ./Src/sysmem.o
 .debug_macro   0x0000000000000000       0x22 ./Src/sysmem.o
 .debug_macro   0x0000000000000000       0x4c ./Src/sysmem.o
 .debug_macro   0x0000000000000000       0x18 ./Src/sysmem.o
 .debug_macro   0x0000000000000000       0x94 ./Src/sysmem.o
 .debug_macro   0x0000000000000000       0x3c ./Src/sysmem.o
 .debug_macro   0x0000000000000000       0x34 ./Src/sysmem.o
 .debug_macro   0x0000000000000000      0x174 ./Src/sysmem.o
 .debug_macro   0x0000000000000000       0x16 ./Src/sysmem.o
 .debug_macro   0x0000000000000000       0x43 ./Src/sysmem.o
 .debug_macro   0x0000000000000000       0x57 ./Src/sysmem.o
 .debug_macro   0x0000000000000000       0x34 ./Src/sysmem.o
 .debug_macro   0x0000000000000000       0x10 ./Src/sysmem.o
 .debug_macro   0x0000000000000000       0x58 ./Src/sysmem.o
 .debug_macro   0x0000000000000000       0x71 ./Src/sysmem.o
 .debug_macro   0x0000000000000000       0x1c ./Src/sysmem.o
 .debug_macro   0x0000000000000000      0x12a ./Src/sysmem.o
 .debug_macro   0x0000000000000000      0x23b ./Src/sysmem.o
 .debug_macro   0x0000000000000000      0x103 ./Src/sysmem.o
 .debug_macro   0x0000000000000000       0x6a ./Src/sysmem.o
 .debug_macro   0x0000000000000000      0x1df ./Src/sysmem.o
 .debug_line    0x0000000000000000      0x4ef ./Src/sysmem.o
 .debug_str     0x0000000000000000     0x5d88 ./Src/sysmem.o
 .comment       0x0000000000000000       0x51 ./Src/sysmem.o
 .debug_frame   0x0000000000000000       0x34 ./Src/sysmem.o
 .ARM.attributes
                0x0000000000000000       0x2d ./Src/sysmem.o
 .text          0x0000000000000000       0x14 ./Startup/startup_stm32f103c6tx.o
 .data          0x0000000000000000        0x0 ./Startup/startup_stm32f103c6tx.o
 .bss           0x0000000000000000        0x0 ./Startup/startup_stm32f103c6tx.o
 .text          0x0000000000000000        0x0 c:/st/stm32cubeide_1.12.1/stm32cubeide/plugins/com.st.stm32cube.ide.mcu.externaltools.gnu-tools-for-stm32.10.3-2021.10.win32_1.0.200.202301161003/tools/bin/../lib/gcc/arm-none-eabi/10.3.1/../../../../arm-none-eabi/lib/thumb/v7-m/nofp\libc_nano.a(lib_a-errno.o)
 .data          0x0000000000000000        0x0 c:/st/stm32cubeide_1.12.1/stm32cubeide/plugins/com.st.stm32cube.ide.mcu.externaltools.gnu-tools-for-stm32.10.3-2021.10.win32_1.0.200.202301161003/tools/bin/../lib/gcc/arm-none-eabi/10.3.1/../../../../arm-none-eabi/lib/thumb/v7-m/nofp\libc_nano.a(lib_a-errno.o)
 .bss           0x0000000000000000        0x0 c:/st/stm32cubeide_1.12.1/stm32cubeide/plugins/com.st.stm32cube.ide.mcu.externaltools.gnu-tools-for-stm32.10.3-2021.10.win32_1.0.200.202301161003/tools/bin/../lib/gcc/arm-none-eabi/10.3.1/../../../../arm-none-eabi/lib/thumb/v7-m/nofp\libc_nano.a(lib_a-errno.o)
 .text.__errno  0x0000000000000000        0xc c:/st/stm32cubeide_1.12.1/stm32cubeide/plugins/com.st.stm32cube.ide.mcu.externaltools.gnu-tools-for-stm32.10.3-2021.10.win32_1.0.200.202301161003/tools/bin/../lib/gcc/arm-none-eabi/10.3.1/../../../../arm-none-eabi/lib/thumb/v7-m/nofp\libc_nano.a(lib_a-errno.o)
 .debug_frame   0x0000000000000000       0x20 c:/st/stm32cubeide_1.12.1/stm32cubeide/plugins/com.st.stm32cube.ide.mcu.externaltools.gnu-tools-for-stm32.10.3-2021.10.win32_1.0.200.202301161003/tools/bin/../lib/gcc/arm-none-eabi/10.3.1/../../../../arm-none-eabi/lib/thumb/v7-m/nofp\libc_nano.a(lib_a-errno.o)
 .ARM.attributes
                0x0000000000000000       0x2d c:/st/stm32cubeide_1.12.1/stm32cubeide/plugins/com.st.stm32cube.ide.mcu.externaltools.gnu-tools-for-stm32.10.3-2021.10.win32_1.0.200.202301161003/tools/bin/../lib/gcc/arm-none-eabi/10.3.1/../../../../arm-none-eabi/lib/thumb/v7-m/nofp\libc_nano.a(lib_a-errno.o)
 .text          0x0000000000000000        0x0 c:/st/stm32cubeide_1.12.1/stm32cubeide/plugins/com.st.stm32cube.ide.mcu.externaltools.gnu-tools-for-stm32.10.3-2021.10.win32_1.0.200.202301161003/tools/bin/../lib/gcc/arm-none-eabi/10.3.1/../../../../arm-none-eabi/lib/thumb/v7-m/nofp\libc_nano.a(lib_a-exit.o)
 .data          0x0000000000000000        0x0 c:/st/stm32cubeide_1.12.1/stm32cubeide/plugins/com.st.stm32cube.ide.mcu.externaltools.gnu-tools-for-stm32.10.3-2021.10.win32_1.0.200.202301161003/tools/bin/../lib/gcc/arm-none-eabi/10.3.1/../../../../arm-none-eabi/lib/thumb/v7-m/nofp\libc_nano.a(lib_a-exit.o)
 .bss           0x0000000000000000        0x0 c:/st/stm32cubeide_1.12.1/stm32cubeide/plugins/com.st.stm32cube.ide.mcu.externaltools.gnu-tools-for-stm32.10.3-2021.10.win32_1.0.200.202301161003/tools/bin/../lib/gcc/arm-none-eabi/10.3.1/../../../../arm-none-eabi/lib/thumb/v7-m/nofp\libc_nano.a(lib_a-exit.o)
 .text.exit     0x0000000000000000       0x28 c:/st/stm32cubeide_1.12.1/stm32cubeide/plugins/com.st.stm32cube.ide.mcu.externaltools.gnu-tools-for-stm32.10.3-2021.10.win32_1.0.200.202301161003/tools/bin/../lib/gcc/arm-none-eabi/10.3.1/../../../../arm-none-eabi/lib/thumb/v7-m/nofp\libc_nano.a(lib_a-exit.o)
 .debug_frame   0x0000000000000000       0x28 c:/st/stm32cubeide_1.12.1/stm32cubeide/plugins/com.st.stm32cube.ide.mcu.externaltools.gnu-tools-for-stm32.10.3-2021.10.win32_1.0.200.202301161003/tools/bin/../lib/gcc/arm-none-eabi/10.3.1/../../../../arm-none-eabi/lib/thumb/v7-m/nofp\libc_nano.a(lib_a-exit.o)
 .ARM.attributes
                0x0000000000000000       0x2d c:/st/stm32cubeide_1.12.1/stm32cubeide/plugins/com.st.stm32cube.ide.mcu.externaltools.gnu-tools-for-stm32.10.3-2021.10.win32_1.0.200.202301161003/tools/bin/../lib/gcc/arm-none-eabi/10.3.1/../../../../arm-none-eabi/lib/thumb/v7-m/nofp\libc_nano.a(lib_a-exit.o)
 .text          0x0000000000000000        0x0 c:/st/stm32cubeide_1.12.1/stm32cubeide/plugins/com.st.stm32cube.ide.mcu.externaltools.gnu-tools-for-stm32.10.3-2021.10.win32_1.0.200.202301161003/tools/bin/../lib/gcc/arm-none-eabi/10.3.1/../../../../arm-none-eabi/lib/thumb/v7-m/nofp\libc_nano.a(lib_a-impure.o)
 .data          0x0000000000000000        0x0 c:/st/stm32cubeide_1.12.1/stm32cubeide/plugins/com.st.stm32cube.ide.mcu.externaltools.gnu-tools-for-stm32.10.3-2021.10.win32_1.0.200.202301161003/tools/bin/../lib/gcc/arm-none-eabi/10.3.1/../../../../arm-none-eabi/lib/thumb/v7-m/nofp\libc_nano.a(lib_a-impure.o)
 .bss           0x0000000000000000        0x0 c:/st/stm32cubeide_1.12.1/stm32cubeide/plugins/com.st.stm32cube.ide.mcu.externaltools.gnu-tools-for-stm32.10.3-2021.10.win32_1.0.200.202301161003/tools/bin/../lib/gcc/arm-none-eabi/10.3.1/../../../../arm-none-eabi/lib/thumb/v7-m/nofp\libc_nano.a(lib_a-impure.o)
 .data._impure_ptr
                0x0000000000000000        0x4 c:/st/stm32cubeide_1.12.1/stm32cubeide/plugins/com.st.stm32cube.ide.mcu.externaltools.gnu-tools-for-stm32.10.3-2021.10.win32_1.0.200.202301161003/tools/bin/../lib/gcc/arm-none-eabi/10.3.1/../../../../arm-none-eabi/lib/thumb/v7-m/nofp\libc_nano.a(lib_a-impure.o)
 .data.impure_data
                0x0000000000000000       0x60 c:/st/stm32cubeide_1.12.1/stm32cubeide/plugins/com.st.stm32cube.ide.mcu.externaltools.gnu-tools-for-stm32.10.3-2021.10.win32_1.0.200.202301161003/tools/bin/../lib/gcc/arm-none-eabi/10.3.1/../../../../arm-none-eabi/lib/thumb/v7-m/nofp\libc_nano.a(lib_a-impure.o)
 .rodata._global_impure_ptr
                0x0000000000000000        0x4 c:/st/stm32cubeide_1.12.1/stm32cubeide/plugins/com.st.stm32cube.ide.mcu.externaltools.gnu-tools-for-stm32.10.3-2021.10.win32_1.0.200.202301161003/tools/bin/../lib/gcc/arm-none-eabi/10.3.1/../../../../arm-none-eabi/lib/thumb/v7-m/nofp\libc_nano.a(lib_a-impure.o)
 .ARM.attributes
                0x0000000000000000       0x2d c:/st/stm32cubeide_1.12.1/stm32cubeide/plugins/com.st.stm32cube.ide.mcu.externaltools.gnu-tools-for-stm32.10.3-2021.10.win32_1.0.200.202301161003/tools/bin/../lib/gcc/arm-none-eabi/10.3.1/../../../../arm-none-eabi/lib/thumb/v7-m/nofp\libc_nano.a(lib_a-impure.o)
 .text          0x0000000000000000        0x0 c:/st/stm32cubeide_1.12.1/stm32cubeide/plugins/com.st.stm32cube.ide.mcu.externaltools.gnu-tools-for-stm32.10.3-2021.10.win32_1.0.200.202301161003/tools/bin/../lib/gcc/arm-none-eabi/10.3.1/../../../../arm-none-eabi/lib/thumb/v7-m/nofp\libc_nano.a(lib_a-init.o)
 .data          0x0000000000000000        0x0 c:/st/stm32cubeide_1.12.1/stm32cubeide/plugins/com.st.stm32cube.ide.mcu.externaltools.gnu-tools-for-stm32.10.3-2021.10.win32_1.0.200.202301161003/tools/bin/../lib/gcc/arm-none-eabi/10.3.1/../../../../arm-none-eabi/lib/thumb/v7-m/nofp\libc_nano.a(lib_a-init.o)
 .bss           0x0000000000000000        0x0 c:/st/stm32cubeide_1.12.1/stm32cubeide/plugins/com.st.stm32cube.ide.mcu.externaltools.gnu-tools-for-stm32.10.3-2021.10.win32_1.0.200.202301161003/tools/bin/../lib/gcc/arm-none-eabi/10.3.1/../../../../arm-none-eabi/lib/thumb/v7-m/nofp\libc_nano.a(lib_a-init.o)
 .text          0x0000000000000000        0x0 c:/st/stm32cubeide_1.12.1/stm32cubeide/plugins/com.st.stm32cube.ide.mcu.externaltools.gnu-tools-for-stm32.10.3-2021.10.win32_1.0.200.202301161003/tools/bin/../lib/gcc/arm-none-eabi/10.3.1/../../../../arm-none-eabi/lib/thumb/v7-m/nofp\libc_nano.a(lib_a-memset.o)
 .data          0x0000000000000000        0x0 c:/st/stm32cubeide_1.12.1/stm32cubeide/plugins/com.st.stm32cube.ide.mcu.externaltools.gnu-tools-for-stm32.10.3-2021.10.win32_1.0.200.202301161003/tools/bin/../lib/gcc/arm-none-eabi/10.3.1/../../../../arm-none-eabi/lib/thumb/v7-m/nofp\libc_nano.a(lib_a-memset.o)
 .bss           0x0000000000000000        0x0 c:/st/stm32cubeide_1.12.1/stm32cubeide/plugins/com.st.stm32cube.ide.mcu.externaltools.gnu-tools-for-stm32.10.3-2021.10.win32_1.0.200.202301161003/tools/bin/../lib/gcc/arm-none-eabi/10.3.1/../../../../arm-none-eabi/lib/thumb/v7-m/nofp\libc_nano.a(lib_a-memset.o)
 .text.memset   0x0000000000000000       0x10 c:/st/stm32cubeide_1.12.1/stm32cubeide/plugins/com.st.stm32cube.ide.mcu.externaltools.gnu-tools-for-stm32.10.3-2021.10.win32_1.0.200.202301161003/tools/bin/../lib/gcc/arm-none-eabi/10.3.1/../../../../arm-none-eabi/lib/thumb/v7-m/nofp\libc_nano.a(lib_a-memset.o)
 .debug_frame   0x0000000000000000       0x20 c:/st/stm32cubeide_1.12.1/stm32cubeide/plugins/com.st.stm32cube.ide.mcu.externaltools.gnu-tools-for-stm32.10.3-2021.10.win32_1.0.200.202301161003/tools/bin/../lib/gcc/arm-none-eabi/10.3.1/../../../../arm-none-eabi/lib/thumb/v7-m/nofp\libc_nano.a(lib_a-memset.o)
 .ARM.attributes
                0x0000000000000000       0x2d c:/st/stm32cubeide_1.12.1/stm32cubeide/plugins/com.st.stm32cube.ide.mcu.externaltools.gnu-tools-for-stm32.10.3-2021.10.win32_1.0.200.202301161003/tools/bin/../lib/gcc/arm-none-eabi/10.3.1/../../../../arm-none-eabi/lib/thumb/v7-m/nofp\libc_nano.a(lib_a-memset.o)
 .text          0x0000000000000000        0x0 c:/st/stm32cubeide_1.12.1/stm32cubeide/plugins/com.st.stm32cube.ide.mcu.externaltools.gnu-tools-for-stm32.10.3-2021.10.win32_1.0.200.202301161003/tools/bin/../lib/gcc/arm-none-eabi/10.3.1/thumb/v7-m/nofp/crtend.o
 .data          0x0000000000000000        0x0 c:/st/stm32cubeide_1.12.1/stm32cubeide/plugins/com.st.stm32cube.ide.mcu.externaltools.gnu-tools-for-stm32.10.3-2021.10.win32_1.0.200.202301161003/tools/bin/../lib/gcc/arm-none-eabi/10.3.1/thumb/v7-m/nofp/crtend.o
 .bss           0x0000000000000000        0x0 c:/st/stm32cubeide_1.12.1/stm32cubeide/plugins/com.st.stm32cube.ide.mcu.externaltools.gnu-tools-for-stm32.10.3-2021.10.win32_1.0.200.202301161003/tools/bin/../lib/gcc/arm-none-eabi/10.3.1/thumb/v7-m/nofp/crtend.o
 .rodata        0x0000000000000000       0x24 c:/st/stm32cubeide_1.12.1/stm32cubeide/plugins/com.st.stm32cube.ide.mcu.externaltools.gnu-tools-for-stm32.10.3-2021.10.win32_1.0.200.202301161003/tools/bin/../lib/gcc/arm-none-eabi/10.3.1/thumb/v7-m/nofp/crtend.o
 .eh_frame      0x0000000000000000        0x4 c:/st/stm32cubeide_1.12.1/stm32cubeide/plugins/com.st.stm32cube.ide.mcu.externaltools.gnu-tools-for-stm32.10.3-2021.10.win32_1.0.200.202301161003/tools/bin/../lib/gcc/arm-none-eabi/10.3.1/thumb/v7-m/nofp/crtend.o
 .ARM.attributes
                0x0000000000000000       0x2d c:/st/stm32cubeide_1.12.1/stm32cubeide/plugins/com.st.stm32cube.ide.mcu.externaltools.gnu-tools-for-stm32.10.3-2021.10.win32_1.0.200.202301161003/tools/bin/../lib/gcc/arm-none-eabi/10.3.1/thumb/v7-m/nofp/crtend.o
 .text          0x0000000000000000        0x0 c:/st/stm32cubeide_1.12.1/stm32cubeide/plugins/com.st.stm32cube.ide.mcu.externaltools.gnu-tools-for-stm32.10.3-2021.10.win32_1.0.200.202301161003/tools/bin/../lib/gcc/arm-none-eabi/10.3.1/thumb/v7-m/nofp/crtn.o
 .data          0x0000000000000000        0x0 c:/st/stm32cubeide_1.12.1/stm32cubeide/plugins/com.st.stm32cube.ide.mcu.externaltools.gnu-tools-for-stm32.10.3-2021.10.win32_1.0.200.202301161003/tools/bin/../lib/gcc/arm-none-eabi/10.3.1/thumb/v7-m/nofp/crtn.o
 .bss           0x0000000000000000        0x0 c:/st/stm32cubeide_1.12.1/stm32cubeide/plugins/com.st.stm32cube.ide.mcu.externaltools.gnu-tools-for-stm32.10.3-2021.10.win32_1.0.200.202301161003/tools/bin/../lib/gcc/arm-none-eabi/10.3.1/thumb/v7-m/nofp/crtn.o

Memory Configuration

Name             Origin             Length             Attributes
RAM              0x0000000020000000 0x0000000000002800 xrw
FLASH            0x0000000008000000 0x0000000000008000 xr
*default*        0x0000000000000000 0xffffffffffffffff

Linker script and memory map

LOAD c:/st/stm32cubeide_1.12.1/stm32cubeide/plugins/com.st.stm32cube.ide.mcu.externaltools.gnu-tools-for-stm32.10.3-2021.10.win32_1.0.200.202301161003/tools/bin/../lib/gcc/arm-none-eabi/10.3.1/thumb/v7-m/nofp/crti.o
LOAD c:/st/stm32cubeide_1.12.1/stm32cubeide/plugins/com.st.stm32cube.ide.mcu.externaltools.gnu-tools-for-stm32.10.3-2021.10.win32_1.0.200.202301161003/tools/bin/../lib/gcc/arm-none-eabi/10.3.1/thumb/v7-m/nofp/crtbegin.o
LOAD c:/st/stm32cubeide_1.12.1/stm32cubeide/plugins/com.st.stm32cube.ide.mcu.externaltools.gnu-tools-for-stm32.10.3-2021.10.win32_1.0.200.202301161003/tools/bin/../lib/gcc/arm-none-eabi/10.3.1/../../../../arm-none-eabi/lib/thumb/v7-m/nofp/crt0.o
LOAD ./HAL/Keypad Driver/STM32F103C6_KEYPAD.o
LOAD ./HAL/LCD Driver/STM32F103C6_LCD.o
LOAD ./MCAL/External Interrupts Driver/STM32F103C6_EXTERNALINTERRUPTS.o
LOAD ./MCAL/GPIO Driver/STM32F103C6_GPIO.o
LOAD ./Src/main.o
LOAD ./Src/syscalls.o
LOAD ./Src/sysmem.o
LOAD ./Startup/startup_stm32f103c6tx.o
START GROUP
LOAD c:/st/stm32cubeide_1.12.1/stm32cubeide/plugins/com.st.stm32cube.ide.mcu.externaltools.gnu-tools-for-stm32.10.3-2021.10.win32_1.0.200.202301161003/tools/bin/../lib/gcc/arm-none-eabi/10.3.1/../../../../arm-none-eabi/lib/thumb/v7-m/nofp\libc_nano.a
LOAD c:/st/stm32cubeide_1.12.1/stm32cubeide/plugins/com.st.stm32cube.ide.mcu.externaltools.gnu-tools-for-stm32.10.3-2021.10.win32_1.0.200.202301161003/tools/bin/../lib/gcc/arm-none-eabi/10.3.1/../../../../arm-none-eabi/lib/thumb/v7-m/nofp\libm.a
END GROUP
START GROUP
LOAD c:/st/stm32cubeide_1.12.1/stm32cubeide/plugins/com.st.stm32cube.ide.mcu.externaltools.gnu-tools-for-stm32.10.3-2021.10.win32_1.0.200.202301161003/tools/bin/../lib/gcc/arm-none-eabi/10.3.1/thumb/v7-m/nofp\libgcc.a
LOAD c:/st/stm32cubeide_1.12.1/stm32cubeide/plugins/com.st.stm32cube.ide.mcu.externaltools.gnu-tools-for-stm32.10.3-2021.10.win32_1.0.200.202301161003/tools/bin/../lib/gcc/arm-none-eabi/10.3.1/../../../../arm-none-eabi/lib/thumb/v7-m/nofp\libc_nano.a
END GROUP
START GROUP
LOAD c:/st/stm32cubeide_1.12.1/stm32cubeide/plugins/com.st.stm32cube.ide.mcu.externaltools.gnu-tools-for-stm32.10.3-2021.10.win32_1.0.200.202301161003/tools/bin/../lib/gcc/arm-none-eabi/10.3.1/thumb/v7-m/nofp\libgcc.a
LOAD c:/st/stm32cubeide_1.12.1/stm32cubeide/plugins/com.st.stm32cube.ide.mcu.externaltools.gnu-tools-for-stm32.10.3-2021.10.win32_1.0.200.202301161003/tools/bin/../lib/gcc/arm-none-eabi/10.3.1/../../../../arm-none-eabi/lib/thumb/v7-m/nofp\libc_nano.a
LOAD c:/st/stm32cubeide_1.12.1/stm32cubeide/plugins/com.st.stm32cube.ide.mcu.externaltools.gnu-tools-for-stm32.10.3-2021.10.win32_1.0.200.202301161003/tools/bin/../lib/gcc/arm-none-eabi/10.3.1/../../../../arm-none-eabi/lib/thumb/v7-m/nofp\libnosys.a
END GROUP
START GROUP
LOAD c:/st/stm32cubeide_1.12.1/stm32cubeide/plugins/com.st.stm32cube.ide.mcu.externaltools.gnu-tools-for-stm32.10.3-2021.10.win32_1.0.200.202301161003/tools/bin/../lib/gcc/arm-none-eabi/10.3.1/thumb/v7-m/nofp\libgcc.a
LOAD c:/st/stm32cubeide_1.12.1/stm32cubeide/plugins/com.st.stm32cube.ide.mcu.externaltools.gnu-tools-for-stm32.10.3-2021.10.win32_1.0.200.202301161003/tools/bin/../lib/gcc/arm-none-eabi/10.3.1/../../../../arm-none-eabi/lib/thumb/v7-m/nofp\libc_nano.a
LOAD c:/st/stm32cubeide_1.12.1/stm32cubeide/plugins/com.st.stm32cube.ide.mcu.externaltools.gnu-tools-for-stm32.10.3-2021.10.win32_1.0.200.202301161003/tools/bin/../lib/gcc/arm-none-eabi/10.3.1/../../../../arm-none-eabi/lib/thumb/v7-m/nofp\libnosys.a
END GROUP
LOAD c:/st/stm32cubeide_1.12.1/stm32cubeide/plugins/com.st.stm32cube.ide.mcu.externaltools.gnu-tools-for-stm32.10.3-2021.10.win32_1.0.200.202301161003/tools/bin/../lib/gcc/arm-none-eabi/10.3.1/thumb/v7-m/nofp/crtend.o
LOAD c:/st/stm32cubeide_1.12.1/stm32cubeide/plugins/com.st.stm32cube.ide.mcu.externaltools.gnu-tools-for-stm32.10.3-2021.10.win32_1.0.200.202301161003/tools/bin/../lib/gcc/arm-none-eabi/10.3.1/thumb/v7-m/nofp/crtn.o
                0x0000000020002800                _estack = (ORIGIN (RAM) + LENGTH (RAM))
                0x0000000000000200                _Min_Heap_Size = 0x200
                0x0000000000000400                _Min_Stack_Size = 0x400

.isr_vector     0x0000000008000000      0x130
                0x0000000008000000                . = ALIGN (0x4)
 *(.isr_vector)
 .isr_vector    0x0000000008000000      0x130 ./Startup/startup_stm32f103c6tx.o
                0x0000000008000000                g_pfnVectors
                0x0000000008000130                . = ALIGN (0x4)

.text           0x0000000008000130      0xea4
                0x0000000008000130                . = ALIGN (0x4)
 *(.text)
 .text          0x0000000008000130       0x40 c:/st/stm32cubeide_1.12.1/stm32cubeide/plugins/com.st.stm32cube.ide.mcu.externaltools.gnu-tools-for-stm32.10.3-2021.10.win32_1.0.200.202301161003/tools/bin/../lib/gcc/arm-none-eabi/10.3.1/thumb/v7-m/nofp/crtbegin.o
 *(.text*)
 .text._delay_ms
                0x0000000008000170       0x3a ./HAL/LCD Driver/STM32F103C6_LCD.o
                0x0000000008000170                _delay_ms
 *fill*         0x00000000080001aa        0x2 
 .text.LCD_kick
                0x00000000080001ac       0x2c ./HAL/LCD Driver/STM32F103C6_LCD.o
                0x00000000080001ac                LCD_kick
 .text.LCD_GPIO_init
                0x00000000080001d8       0xe0 ./HAL/LCD Driver/STM32F103C6_LCD.o
                0x00000000080001d8                LCD_GPIO_init
 .text.LCD_sendCommand
                0x00000000080002b8       0x44 ./HAL/LCD Driver/STM32F103C6_LCD.o
                0x00000000080002b8                LCD_sendCommand
 .text.LCD_clearScreen
                0x00000000080002fc        0xe ./HAL/LCD Driver/STM32F103C6_LCD.o
                0x00000000080002fc                LCD_clearScreen
 .text.LCD_init
                0x000000000800030a       0x3a ./HAL/LCD Driver/STM32F103C6_LCD.o
                0x000000000800030a                LCD_init
 .text.LCD_displayCharacter
                0x0000000008000344       0x44 ./HAL/LCD Driver/STM32F103C6_LCD.o
                0x0000000008000344                LCD_displayCharacter
 .text.LCD_displayString
                0x0000000008000388       0x5c ./HAL/LCD Driver/STM32F103C6_LCD.o
                0x0000000008000388                LCD_displayString
 .text.LCD_GoToXY
                0x00000000080003e4       0x4a ./HAL/LCD Driver/STM32F103C6_LCD.o
                0x00000000080003e4                LCD_GoToXY
 *fill*         0x000000000800042e        0x2 
 .text.EXTI0_IRQHandler
                0x0000000008000430       0x24 ./MCAL/External Interrupts Driver/STM32F103C6_EXTERNALINTERRUPTS.o
                0x0000000008000430                EXTI0_IRQHandler
 .text.EXTI1_IRQHandler
                0x0000000008000454       0x24 ./MCAL/External Interrupts Driver/STM32F103C6_EXTERNALINTERRUPTS.o
                0x0000000008000454                EXTI1_IRQHandler
 .text.EXTI2_IRQHandler
                0x0000000008000478       0x24 ./MCAL/External Interrupts Driver/STM32F103C6_EXTERNALINTERRUPTS.o
                0x0000000008000478                EXTI2_IRQHandler
 .text.EXTI3_IRQHandler
                0x000000000800049c       0x24 ./MCAL/External Interrupts Driver/STM32F103C6_EXTERNALINTERRUPTS.o
                0x000000000800049c                EXTI3_IRQHandler
 .text.EXTI4_IRQHandler
                0x00000000080004c0       0x24 ./MCAL/External Interrupts Driver/STM32F103C6_EXTERNALINTERRUPTS.o
                0x00000000080004c0                EXTI4_IRQHandler
 .text.EXTI9_5_IRQHandler
                0x00000000080004e4       0xb0 ./MCAL/External Interrupts Driver/STM32F103C6_EXTERNALINTERRUPTS.o
                0x00000000080004e4                EXTI9_5_IRQHandler
 .text.EXTI15_10_IRQHandler
                0x0000000008000594       0xd0 ./MCAL/External Interrupts Driver/STM32F103C6_EXTERNALINTERRUPTS.o
                0x0000000008000594                EXTI15_10_IRQHandler
 .text.Update_EXTI
                0x0000000008000664      0x1f0 ./MCAL/External Interrupts Driver/STM32F103C6_EXTERNALINTERRUPTS.o
                0x0000000008000664                Update_EXTI
 .text.Enable_NVIC
                0x0000000008000854       0x54 ./MCAL/External Interrupts Driver/STM32F103C6_EXTERNALINTERRUPTS.o
                0x0000000008000854                Enable_NVIC
 .text.Disable_NVIC
                0x00000000080008a8       0x54 ./MCAL/External Interrupts Driver/STM32F103C6_EXTERNALINTERRUPTS.o
                0x00000000080008a8                Disable_NVIC
 .text.MCAL_EXTI_Init
                0x00000000080008fc       0x16 ./MCAL/External Interrupts Driver/STM32F103C6_EXTERNALINTERRUPTS.o
                0x00000000080008fc                MCAL_EXTI_Init
 *fill*         0x0000000008000912        0x2 
 .text.ConfigurationPin
                0x0000000008000914      0x3c4 ./MCAL/GPIO Driver/STM32F103C6_GPIO.o
                0x0000000008000914                ConfigurationPin
 .text.MCAL_GPIO_Init
                0x0000000008000cd8      0x104 ./MCAL/GPIO Driver/STM32F103C6_GPIO.o
                0x0000000008000cd8                MCAL_GPIO_Init
 .text.MCAL_GPIO_WritePin
                0x0000000008000ddc       0x44 ./MCAL/GPIO Driver/STM32F103C6_GPIO.o
                0x0000000008000ddc                MCAL_GPIO_WritePin
 .text.MCAL_GPIO_WritePort
                0x0000000008000e20       0x1c ./MCAL/GPIO Driver/STM32F103C6_GPIO.o
                0x0000000008000e20                MCAL_GPIO_WritePort
 .text.wait_ms  0x0000000008000e3c       0x3a ./Src/main.o
                0x0000000008000e3c                wait_ms
 *fill*         0x0000000008000e76        0x2 
 .text.EXTI9CallBack
                0x0000000008000e78       0x24 ./Src/main.o
                0x0000000008000e78                EXTI9CallBack
 .text.clock_init
                0x0000000008000e9c       0x30 ./Src/main.o
                0x0000000008000e9c                clock_init
 .text.main     0x0000000008000ecc       0x54 ./Src/main.o
                0x0000000008000ecc                main
 .text.Reset_Handler
                0x0000000008000f20       0x50 ./Startup/startup_stm32f103c6tx.o
                0x0000000008000f20                Reset_Handler
 .text.Default_Handler
                0x0000000008000f70        0x2 ./Startup/startup_stm32f103c6tx.o
                0x0000000008000f70                TIM8_TRG_COM_IRQHandler
                0x0000000008000f70                TIM8_CC_IRQHandler
                0x0000000008000f70                DebugMon_Handler
                0x0000000008000f70                TIM1_CC_IRQHandler
                0x0000000008000f70                HardFault_Handler
                0x0000000008000f70                TIM6_IRQHandler
                0x0000000008000f70                SysTick_Handler
                0x0000000008000f70                PVD_IRQHandler
                0x0000000008000f70                SDIO_IRQHandler
                0x0000000008000f70                PendSV_Handler
                0x0000000008000f70                NMI_Handler
                0x0000000008000f70                USB_HP_CAN_TX_IRQHandler
                0x0000000008000f70                I2C2_EV_IRQHandler
                0x0000000008000f70                UsageFault_Handler
                0x0000000008000f70                ADC1_2_IRQHandler
                0x0000000008000f70                SPI1_IRQHandler
                0x0000000008000f70                CAN_SCE_IRQHandler
                0x0000000008000f70                TAMPER_IRQHandler
                0x0000000008000f70                TIM8_UP_IRQHandler
                0x0000000008000f70                DMA2_Channel2_IRQHandler
                0x0000000008000f70                DMA1_Channel4_IRQHandler
                0x0000000008000f70                USART3_IRQHandler
                0x0000000008000f70                RTC_IRQHandler
                0x0000000008000f70                DMA1_Channel7_IRQHandler
                0x0000000008000f70                UART5_IRQHandler
                0x0000000008000f70                ADC3_IRQHandler
                0x0000000008000f70                TIM4_IRQHandler
                0x0000000008000f70                CAN_RX1_IRQHandler
                0x0000000008000f70                DMA2_Channel1_IRQHandler
                0x0000000008000f70                I2C1_EV_IRQHandler
                0x0000000008000f70                DMA1_Channel6_IRQHandler
                0x0000000008000f70                UART4_IRQHandler
                0x0000000008000f70                TIM3_IRQHandler
                0x0000000008000f70                RCC_IRQHandler
                0x0000000008000f70                TIM1_TRG_COM_IRQHandler
                0x0000000008000f70                DMA1_Channel1_IRQHandler
                0x0000000008000f70                Default_Handler
                0x0000000008000f70                TIM7_IRQHandler
                0x0000000008000f70                TIM5_IRQHandler
                0x0000000008000f70                SPI2_IRQHandler
                0x0000000008000f70                USB_LP_CAN_RX0_IRQHandler
                0x0000000008000f70                MemManage_Handler
                0x0000000008000f70                SVC_Handler
                0x0000000008000f70                DMA1_Channel5_IRQHandler
                0x0000000008000f70                DMA1_Channel3_IRQHandler
                0x0000000008000f70                FSMC_IRQHandler
                0x0000000008000f70                TIM1_UP_IRQHandler
                0x0000000008000f70                WWDG_IRQHandler
                0x0000000008000f70                TIM2_IRQHandler
                0x0000000008000f70                TIM1_BRK_IRQHandler
                0x0000000008000f70                RTCAlarm_IRQHandler
                0x0000000008000f70                DMA2_Channel4_5_IRQHandler
                0x0000000008000f70                USART2_IRQHandler
                0x0000000008000f70                I2C2_ER_IRQHandler
                0x0000000008000f70                DMA1_Channel2_IRQHandler
                0x0000000008000f70                TIM8_BRK_IRQHandler
                0x0000000008000f70                FLASH_IRQHandler
                0x0000000008000f70                BusFault_Handler
                0x0000000008000f70                USART1_IRQHandler
                0x0000000008000f70                SPI3_IRQHandler
                0x0000000008000f70                I2C1_ER_IRQHandler
                0x0000000008000f70                DMA2_Channel3_IRQHandler
 *fill*         0x0000000008000f72        0x2 
 .text.__libc_init_array
                0x0000000008000f74       0x48 c:/st/stm32cubeide_1.12.1/stm32cubeide/plugins/com.st.stm32cube.ide.mcu.externaltools.gnu-tools-for-stm32.10.3-2021.10.win32_1.0.200.202301161003/tools/bin/../lib/gcc/arm-none-eabi/10.3.1/../../../../arm-none-eabi/lib/thumb/v7-m/nofp\libc_nano.a(lib_a-init.o)
                0x0000000008000f74                __libc_init_array
 *(.glue_7)
 .glue_7        0x0000000008000fbc        0x0 linker stubs
 *(.glue_7t)
 .glue_7t       0x0000000008000fbc        0x0 linker stubs
 *(.eh_frame)
 .eh_frame      0x0000000008000fbc        0x0 c:/st/stm32cubeide_1.12.1/stm32cubeide/plugins/com.st.stm32cube.ide.mcu.externaltools.gnu-tools-for-stm32.10.3-2021.10.win32_1.0.200.202301161003/tools/bin/../lib/gcc/arm-none-eabi/10.3.1/thumb/v7-m/nofp/crtbegin.o
 *(.init)
 .init          0x0000000008000fbc        0x4 c:/st/stm32cubeide_1.12.1/stm32cubeide/plugins/com.st.stm32cube.ide.mcu.externaltools.gnu-tools-for-stm32.10.3-2021.10.win32_1.0.200.202301161003/tools/bin/../lib/gcc/arm-none-eabi/10.3.1/thumb/v7-m/nofp/crti.o
                0x0000000008000fbc                _init
 .init          0x0000000008000fc0        0x8 c:/st/stm32cubeide_1.12.1/stm32cubeide/plugins/com.st.stm32cube.ide.mcu.externaltools.gnu-tools-for-stm32.10.3-2021.10.win32_1.0.200.202301161003/tools/bin/../lib/gcc/arm-none-eabi/10.3.1/thumb/v7-m/nofp/crtn.o
 *(.fini)
 .fini          0x0000000008000fc8        0x4 c:/st/stm32cubeide_1.12.1/stm32cubeide/plugins/com.st.stm32cube.ide.mcu.externaltools.gnu-tools-for-stm32.10.3-2021.10.win32_1.0.200.202301161003/tools/bin/../lib/gcc/arm-none-eabi/10.3.1/thumb/v7-m/nofp/crti.o
                0x0000000008000fc8                _fini
 .fini          0x0000000008000fcc        0x8 c:/st/stm32cubeide_1.12.1/stm32cubeide/plugins/com.st.stm32cube.ide.mcu.externaltools.gnu-tools-for-stm32.10.3-2021.10.win32_1.0.200.202301161003/tools/bin/../lib/gcc/arm-none-eabi/10.3.1/thumb/v7-m/nofp/crtn.o
                0x0000000008000fd4                . = ALIGN (0x4)
                0x0000000008000fd4                _etext = .

.vfp11_veneer   0x0000000008000fd4        0x0
 .vfp11_veneer  0x0000000008000fd4        0x0 linker stubs

.v4_bx          0x0000000008000fd4        0x0
 .v4_bx         0x0000000008000fd4        0x0 linker stubs

.iplt           0x0000000008000fd4        0x0
 .iplt          0x0000000008000fd4        0x0 c:/st/stm32cubeide_1.12.1/stm32cubeide/plugins/com.st.stm32cube.ide.mcu.externaltools.gnu-tools-for-stm32.10.3-2021.10.win32_1.0.200.202301161003/tools/bin/../lib/gcc/arm-none-eabi/10.3.1/thumb/v7-m/nofp/crtbegin.o

.rodata         0x0000000008000fd4       0x28
                0x0000000008000fd4                . = ALIGN (0x4)
 *(.rodata)
 .rodata        0x0000000008000fd4       0x28 ./Src/main.o
 *(.rodata*)
                0x0000000008000ffc                . = ALIGN (0x4)

.rel.dyn        0x0000000008000ffc        0x0
 .rel.iplt      0x0000000008000ffc        0x0 c:/st/stm32cubeide_1.12.1/stm32cubeide/plugins/com.st.stm32cube.ide.mcu.externaltools.gnu-tools-for-stm32.10.3-2021.10.win32_1.0.200.202301161003/tools/bin/../lib/gcc/arm-none-eabi/10.3.1/thumb/v7-m/nofp/crtbegin.o

.ARM.extab      0x0000000008000ffc        0x0
                0x0000000008000ffc                . = ALIGN (0x4)
 *(.ARM.extab* .gnu.linkonce.armextab.*)
                0x0000000008000ffc                . = ALIGN (0x4)

.ARM            0x0000000008000ffc        0x0
                0x0000000008000ffc                . = ALIGN (0x4)
                0x0000000008000ffc                __exidx_start = .
 *(.ARM.exidx*)
                0x0000000008000ffc                __exidx_end = .
                0x0000000008000ffc                . = ALIGN (0x4)

.preinit_array  0x0000000008000ffc        0x0
                0x0000000008000ffc                . = ALIGN (0x4)
                0x0000000008000ffc                PROVIDE (__preinit_array_start = .)
 *(.preinit_array*)
                0x0000000008000ffc                PROVIDE (__preinit_array_end = .)
                0x0000000008000ffc                . = ALIGN (0x4)

.init_array     0x0000000008000ffc        0x4
                0x0000000008000ffc                . = ALIGN (0x4)
                0x0000000008000ffc                PROVIDE (__init_array_start = .)
 *(SORT_BY_NAME(.init_array.*))
 *(.init_array*)
 .init_array    0x0000000008000ffc        0x4 c:/st/stm32cubeide_1.12.1/stm32cubeide/plugins/com.st.stm32cube.ide.mcu.externaltools.gnu-tools-for-stm32.10.3-2021.10.win32_1.0.200.202301161003/tools/bin/../lib/gcc/arm-none-eabi/10.3.1/thumb/v7-m/nofp/crtbegin.o
                0x0000000008001000                PROVIDE (__init_array_end = .)
                0x0000000008001000                . = ALIGN (0x4)

.fini_array     0x0000000008001000        0x4
                0x0000000008001000                . = ALIGN (0x4)
                [!provide]                        PROVIDE (__fini_array_start = .)
 *(SORT_BY_NAME(.fini_array.*))
 *(.fini_array*)
 .fini_array    0x0000000008001000        0x4 c:/st/stm32cubeide_1.12.1/stm32cubeide/plugins/com.st.stm32cube.ide.mcu.externaltools.gnu-tools-for-stm32.10.3-2021.10.win32_1.0.200.202301161003/tools/bin/../lib/gcc/arm-none-eabi/10.3.1/thumb/v7-m/nofp/crtbegin.o
                [!provide]                        PROVIDE (__fini_array_end = .)
                0x0000000008001004                . = ALIGN (0x4)
                0x0000000008001004                _sidata = LOADADDR (.data)

.data           0x0000000020000000        0x4 load address 0x0000000008001004
                0x0000000020000000                . = ALIGN (0x4)
                0x0000000020000000                _sdata = .
 *(.data)
 *(.data*)
 .data.interruptFlag
                0x0000000020000000        0x1 ./Src/main.o
                0x0000000020000000                interruptFlag
 *(.RamFunc)
 *(.RamFunc*)
                0x0000000020000004                . = ALIGN (0x4)
 *fill*         0x0000000020000001        0x3 
                0x0000000020000004                _edata = .

.igot.plt       0x0000000020000004        0x0 load address 0x0000000008001008
 .igot.plt      0x0000000020000004        0x0 c:/st/stm32cubeide_1.12.1/stm32cubeide/plugins/com.st.stm32cube.ide.mcu.externaltools.gnu-tools-for-stm32.10.3-2021.10.win32_1.0.200.202301161003/tools/bin/../lib/gcc/arm-none-eabi/10.3.1/thumb/v7-m/nofp/crtbegin.o
                0x0000000020000004                . = ALIGN (0x4)

.bss            0x0000000020000004       0x58 load address 0x0000000008001008
                0x0000000020000004                _sbss = .
                0x0000000020000004                __bss_start__ = _sbss
 *(.bss)
 .bss           0x0000000020000004       0x1c c:/st/stm32cubeide_1.12.1/stm32cubeide/plugins/com.st.stm32cube.ide.mcu.externaltools.gnu-tools-for-stm32.10.3-2021.10.win32_1.0.200.202301161003/tools/bin/../lib/gcc/arm-none-eabi/10.3.1/thumb/v7-m/nofp/crtbegin.o
 *(.bss*)
 .bss.GP_IRQCallBack
                0x0000000020000020       0x3c ./MCAL/External Interrupts Driver/STM32F103C6_EXTERNALINTERRUPTS.o
                0x0000000020000020                GP_IRQCallBack
 *(COMMON)
                0x000000002000005c                . = ALIGN (0x4)
                0x000000002000005c                _ebss = .
                0x000000002000005c                __bss_end__ = _ebss

._user_heap_stack
                0x000000002000005c      0x604 load address 0x0000000008001008
                0x0000000020000060                . = ALIGN (0x8)
 *fill*         0x000000002000005c        0x4 
                [!provide]                        PROVIDE (end = .)
                0x0000000020000060                PROVIDE (_end = .)
                0x0000000020000260                . = (. + _Min_Heap_Size)
 *fill*         0x0000000020000060      0x200 
                0x0000000020000660                . = (. + _Min_Stack_Size)
 *fill*         0x0000000020000260      0x400 
                0x0000000020000660                . = ALIGN (0x8)

/DISCARD/
 libc.a(*)
 libm.a(*)
 libgcc.a(*)

.ARM.attributes
                0x0000000000000000       0x29
 *(.ARM.attributes)
 .ARM.attributes
                0x0000000000000000       0x1d c:/st/stm32cubeide_1.12.1/stm32cubeide/plugins/com.st.stm32cube.ide.mcu.externaltools.gnu-tools-for-stm32.10.3-2021.10.win32_1.0.200.202301161003/tools/bin/../lib/gcc/arm-none-eabi/10.3.1/thumb/v7-m/nofp/crti.o
 .ARM.attributes
                0x000000000000001d       0x2d c:/st/stm32cubeide_1.12.1/stm32cubeide/plugins/com.st.stm32cube.ide.mcu.externaltools.gnu-tools-for-stm32.10.3-2021.10.win32_1.0.200.202301161003/tools/bin/../lib/gcc/arm-none-eabi/10.3.1/thumb/v7-m/nofp/crtbegin.o
 .ARM.attributes
                0x000000000000004a       0x2d ./HAL/LCD Driver/STM32F103C6_LCD.o
 .ARM.attributes
                0x0000000000000077       0x2d ./MCAL/External Interrupts Driver/STM32F103C6_EXTERNALINTERRUPTS.o
 .ARM.attributes
                0x00000000000000a4       0x2d ./MCAL/GPIO Driver/STM32F103C6_GPIO.o
 .ARM.attributes
                0x00000000000000d1       0x2d ./Src/main.o
 .ARM.attributes
                0x00000000000000fe       0x21 ./Startup/startup_stm32f103c6tx.o
 .ARM.attributes
                0x000000000000011f       0x2d c:/st/stm32cubeide_1.12.1/stm32cubeide/plugins/com.st.stm32cube.ide.mcu.externaltools.gnu-tools-for-stm32.10.3-2021.10.win32_1.0.200.202301161003/tools/bin/../lib/gcc/arm-none-eabi/10.3.1/../../../../arm-none-eabi/lib/thumb/v7-m/nofp\libc_nano.a(lib_a-init.o)
 .ARM.attributes
                0x000000000000014c       0x1d c:/st/stm32cubeide_1.12.1/stm32cubeide/plugins/com.st.stm32cube.ide.mcu.externaltools.gnu-tools-for-stm32.10.3-2021.10.win32_1.0.200.202301161003/tools/bin/../lib/gcc/arm-none-eabi/10.3.1/thumb/v7-m/nofp/crtn.o
OUTPUT(STM32F103C6.elf elf32-littlearm)
LOAD linker stubs
LOAD c:/st/stm32cubeide_1.12.1/stm32cubeide/plugins/com.st.stm32cube.ide.mcu.externaltools.gnu-tools-for-stm32.10.3-2021.10.win32_1.0.200.202301161003/tools/bin/../lib/gcc/arm-none-eabi/10.3.1/../../../../arm-none-eabi/lib/thumb/v7-m/nofp\libc.a
LOAD c:/st/stm32cubeide_1.12.1/stm32cubeide/plugins/com.st.stm32cube.ide.mcu.externaltools.gnu-tools-for-stm32.10.3-2021.10.win32_1.0.200.202301161003/tools/bin/../lib/gcc/arm-none-eabi/10.3.1/../../../../arm-none-eabi/lib/thumb/v7-m/nofp\libm.a
LOAD c:/st/stm32cubeide_1.12.1/stm32cubeide/plugins/com.st.stm32cube.ide.mcu.externaltools.gnu-tools-for-stm32.10.3-2021.10.win32_1.0.200.202301161003/tools/bin/../lib/gcc/arm-none-eabi/10.3.1/thumb/v7-m/nofp\libgcc.a

.debug_info     0x0000000000000000     0x5ea4
 .debug_info    0x0000000000000000      0xb98 ./HAL/LCD Driver/STM32F103C6_LCD.o
 .debug_info    0x0000000000000b98     0x1bfb ./MCAL/External Interrupts Driver/STM32F103C6_EXTERNALINTERRUPTS.o
 .debug_info    0x0000000000002793     0x1c1c ./MCAL/GPIO Driver/STM32F103C6_GPIO.o
 .debug_info    0x00000000000043af     0x1ad3 ./Src/main.o
 .debug_info    0x0000000000005e82       0x22 ./Startup/startup_stm32f103c6tx.o

.debug_abbrev   0x0000000000000000      0x8a8
 .debug_abbrev  0x0000000000000000      0x1f2 ./HAL/LCD Driver/STM32F103C6_LCD.o
 .debug_abbrev  0x00000000000001f2      0x1e4 ./MCAL/External Interrupts Driver/STM32F103C6_EXTERNALINTERRUPTS.o
 .debug_abbrev  0x00000000000003d6      0x257 ./MCAL/GPIO Driver/STM32F103C6_GPIO.o
 .debug_abbrev  0x000000000000062d      0x269 ./Src/main.o
 .debug_abbrev  0x0000000000000896       0x12 ./Startup/startup_stm32f103c6tx.o

.debug_loc      0x0000000000000000      0xa70
 .debug_loc     0x0000000000000000      0x2c0 ./HAL/LCD Driver/STM32F103C6_LCD.o
 .debug_loc     0x00000000000002c0      0x320 ./MCAL/External Interrupts Driver/STM32F103C6_EXTERNALINTERRUPTS.o
 .debug_loc     0x00000000000005e0      0x38c ./MCAL/GPIO Driver/STM32F103C6_GPIO.o
 .debug_loc     0x000000000000096c      0x104 ./Src/main.o

.debug_aranges  0x0000000000000000      0x1b0
 .debug_aranges
                0x0000000000000000       0x68 ./HAL/LCD Driver/STM32F103C6_LCD.o
 .debug_aranges
                0x0000000000000068       0x80 ./MCAL/External Interrupts Driver/STM32F103C6_EXTERNALINTERRUPTS.o
 .debug_aranges
                0x00000000000000e8       0x68 ./MCAL/GPIO Driver/STM32F103C6_GPIO.o
 .debug_aranges
                0x0000000000000150       0x38 ./Src/main.o
 .debug_aranges
                0x0000000000000188       0x28 ./Startup/startup_stm32f103c6tx.o

.debug_ranges   0x0000000000000000      0x168
 .debug_ranges  0x0000000000000000       0x58 ./HAL/LCD Driver/STM32F103C6_LCD.o
 .debug_ranges  0x0000000000000058       0x70 ./MCAL/External Interrupts Driver/STM32F103C6_EXTERNALINTERRUPTS.o
 .debug_ranges  0x00000000000000c8       0x58 ./MCAL/GPIO Driver/STM32F103C6_GPIO.o
 .debug_ranges  0x0000000000000120       0x28 ./Src/main.o
 .debug_ranges  0x0000000000000148       0x20 ./Startup/startup_stm32f103c6tx.o

.debug_macro    0x0000000000000000      0xc51
 .debug_macro   0x0000000000000000      0x161 ./HAL/LCD Driver/STM32F103C6_LCD.o
 .debug_macro   0x0000000000000161       0xee ./HAL/LCD Driver/STM32F103C6_LCD.o
 .debug_macro   0x000000000000024f      0x15b ./MCAL/External Interrupts Driver/STM32F103C6_EXTERNALINTERRUPTS.o
 .debug_macro   0x00000000000003aa      0x118 ./MCAL/External Interrupts Driver/STM32F103C6_EXTERNALINTERRUPTS.o
 .debug_macro   0x00000000000004c2      0x1cb ./MCAL/External Interrupts Driver/STM32F103C6_EXTERNALINTERRUPTS.o
 .debug_macro   0x000000000000068d      0x152 ./MCAL/GPIO Driver/STM32F103C6_GPIO.o
 .debug_macro   0x00000000000007df      0x173 ./Src/main.o
 .debug_macro   0x0000000000000952       0xee ./Src/main.o
 .debug_macro   0x0000000000000a40       0x40 ./Src/main.o
 .debug_macro   0x0000000000000a80      0x1d1 ./Src/main.o

.debug_line     0x0000000000000000     0x2270
 .debug_line    0x0000000000000000      0x7af ./HAL/LCD Driver/STM32F103C6_LCD.o
 .debug_line    0x00000000000007af      0xa6a ./MCAL/External Interrupts Driver/STM32F103C6_EXTERNALINTERRUPTS.o
 .debug_line    0x0000000000001219      0x826 ./MCAL/GPIO Driver/STM32F103C6_GPIO.o
 .debug_line    0x0000000000001a3f      0x7ad ./Src/main.o
 .debug_line    0x00000000000021ec       0x84 ./Startup/startup_stm32f103c6tx.o

.debug_str      0x0000000000000000     0x9e9c
 .debug_str     0x0000000000000000     0x7f61 ./HAL/LCD Driver/STM32F103C6_LCD.o
                                       0x81ab (size before relaxing)
 .debug_str     0x0000000000007f61     0x1821 ./MCAL/External Interrupts Driver/STM32F103C6_EXTERNALINTERRUPTS.o
                                       0x949c (size before relaxing)
 .debug_str     0x0000000000009782      0x5ea ./MCAL/GPIO Driver/STM32F103C6_GPIO.o
                                       0x82a7 (size before relaxing)
 .debug_str     0x0000000000009d6c       0xff ./Src/main.o
                                       0x9956 (size before relaxing)
 .debug_str     0x0000000000009e6b       0x31 ./Startup/startup_stm32f103c6tx.o
                                         0x7d (size before relaxing)

.comment        0x0000000000000000       0x50
 .comment       0x0000000000000000       0x50 ./HAL/LCD Driver/STM32F103C6_LCD.o
                                         0x51 (size before relaxing)
 .comment       0x0000000000000050       0x51 ./MCAL/External Interrupts Driver/STM32F103C6_EXTERNALINTERRUPTS.o
 .comment       0x0000000000000050       0x51 ./MCAL/GPIO Driver/STM32F103C6_GPIO.o
 .comment       0x0000000000000050       0x51 ./Src/main.o

.debug_frame    0x0000000000000000      0x570
 .debug_frame   0x0000000000000000      0x164 ./HAL/LCD Driver/STM32F103C6_LCD.o
 .debug_frame   0x0000000000000164      0x1b0 ./MCAL/External Interrupts Driver/STM32F103C6_EXTERNALINTERRUPTS.o
 .debug_frame   0x0000000000000314      0x19c ./MCAL/GPIO Driver/STM32F103C6_GPIO.o
 .debug_frame   0x00000000000004b0       0x94 ./Src/main.o
 .debug_frame   0x0000000000000544       0x2c c:/st/stm32cubeide_1.12.1/stm32cubeide/plugins/com.st.stm32cube.ide.mcu.externaltools.gnu-tools-for-stm32.10.3-2021.10.win32_1.0.200.202301161003/tools/bin/../lib/gcc/arm-none-eabi/10.3.1/../../../../arm-none-eabi/lib/thumb/v7-m/nofp\libc_nano.a(lib_a-init.o)
