../MCAL/External Interrupts Driver/STM32F103C6_EXTERNALINTERRUPTS.c:22:6:EXTI0_IRQHandler	8	static
../MCAL/External Interrupts Driver/STM32F103C6_EXTERNALINTERRUPTS.c:31:6:EXTI1_IRQHandler	8	static
../MCAL/External Interrupts Driver/STM32F103C6_EXTERNALINTERRUPTS.c:40:6:EXTI2_IRQHandler	8	static
../MCAL/External Interrupts Driver/STM32F103C6_EXTERNALINTERRUPTS.c:49:6:EXTI3_IRQHandler	8	static
../MCAL/External Interrupts Driver/STM32F103C6_EXTERNALINTERRUPTS.c:58:6:EXTI4_IRQHandler	8	static
../MCAL/External Interrupts Driver/STM32F103C6_EXTERNALINTERRUPTS.c:67:6:EXTI9_5_IRQHandler	8	static
../MCAL/External Interrupts Driver/STM32F103C6_EXTERNALINTERRUPTS.c:79:6:EXTI15_10_IRQHandler	8	static
../MCAL/External Interrupts Driver/STM32F103C6_EXTERNALINTERRUPTS.c:99:6:Update_EXTI	24	static
../MCAL/External Interrupts Driver/STM32F103C6_EXTERNALINTERRUPTS.c:155:6:Enable_NVIC	16	static
../MCAL/External Interrupts Driver/STM32F103C6_EXTERNALINTERRUPTS.c:166:6:Disable_NVIC	16	static
../MCAL/External Interrupts Driver/STM32F103C6_EXTERNALINTERRUPTS.c:181:6:MCAL_EXTI_DeInit	4	static
../MCAL/External Interrupts Driver/STM32F103C6_EXTERNALINTERRUPTS.c:203:6:MCAL_EXTI_Init	16	static
../MCAL/External Interrupts Driver/STM32F103C6_EXTERNALINTERRUPTS.c:207:6:MCAL_EXTI_Update	16	static
